Archive member included to satisfy reference by file (symbol)

.\CortexM3\ARM_GCC_541\Debug\Design01.a(UART_1.o)
                              .\CortexM3\ARM_GCC_541\Debug\main.o (UART_1_Start)
.\CortexM3\ARM_GCC_541\Debug\Design01.a(ADC.o)
                              .\CortexM3\ARM_GCC_541\Debug\main.o (ADC_Start)
.\CortexM3\ARM_GCC_541\Debug\Design01.a(ADC_INT.o)
                              .\CortexM3\ARM_GCC_541\Debug\Design01.a(ADC.o) (ADC_ISR1)
.\CortexM3\ARM_GCC_541\Debug\Design01.a(WaveDAC8_1.o)
                              .\CortexM3\ARM_GCC_541\Debug\main.o (WaveDAC8_1_Start)
.\CortexM3\ARM_GCC_541\Debug\Design01.a(UART_1_IntClock.o)
                              .\CortexM3\ARM_GCC_541\Debug\Design01.a(UART_1.o) (UART_1_IntClock_Start)
.\CortexM3\ARM_GCC_541\Debug\Design01.a(ADC_AMux.o)
                              .\CortexM3\ARM_GCC_541\Debug\Design01.a(ADC.o) (ADC_AMux_Select)
.\CortexM3\ARM_GCC_541\Debug\Design01.a(ADC_Ext_CP_Clk.o)
                              .\CortexM3\ARM_GCC_541\Debug\Design01.a(ADC.o) (ADC_Ext_CP_Clk_SetModeRegister)
.\CortexM3\ARM_GCC_541\Debug\Design01.a(ADC_theACLK.o)
                              .\CortexM3\ARM_GCC_541\Debug\Design01.a(ADC.o) (ADC_theACLK_SetModeRegister)
.\CortexM3\ARM_GCC_541\Debug\Design01.a(WaveDAC8_1_DacClk.o)
                              .\CortexM3\ARM_GCC_541\Debug\Design01.a(WaveDAC8_1.o) (WaveDAC8_1_DacClk_Start)
.\CortexM3\ARM_GCC_541\Debug\Design01.a(WaveDAC8_1_Wave1_DMA_dma.o)
                              .\CortexM3\ARM_GCC_541\Debug\Design01.a(WaveDAC8_1.o) (WaveDAC8_1_Wave1_DMA_DmaInitialize)
.\CortexM3\ARM_GCC_541\Debug\Design01.a(WaveDAC8_1_Wave2_DMA_dma.o)
                              .\CortexM3\ARM_GCC_541\Debug\Design01.a(WaveDAC8_1.o) (WaveDAC8_1_Wave2_DMA_DmaInitialize)
.\CortexM3\ARM_GCC_541\Debug\Design01.a(WaveDAC8_1_VDAC8.o)
                              .\CortexM3\ARM_GCC_541\Debug\Design01.a(WaveDAC8_1.o) (WaveDAC8_1_VDAC8_Enable)
.\CortexM3\ARM_GCC_541\Debug\Design01.a(CyDmac.o)
                              .\CortexM3\ARM_GCC_541\Debug\Cm3Start.o (CyDmacConfigure)
.\CortexM3\ARM_GCC_541\Debug\Design01.a(CyLib.o)
                              .\CortexM3\ARM_GCC_541\Debug\Cm3Start.o (CyHalt)
.\CortexM3\ARM_GCC_541\Debug\Design01.a(cyPm.o)
                              .\CortexM3\ARM_GCC_541\Debug\Design01.a(CyLib.o) (CyPmReadStatus)
.\CortexM3\ARM_GCC_541\Debug\Design01.a(isr_button.o)
                              .\CortexM3\ARM_GCC_541\Debug\main.o (isr_button_StartEx)
.\CortexM3\ARM_GCC_541\Debug\Design01.a(Pin_SW.o)
                              .\CortexM3\ARM_GCC_541\Debug\main.o (Pin_SW_ClearInterrupt)
.\CortexM3\ARM_GCC_541\Debug\Design01.a(uart_interrupt.o)
                              .\CortexM3\ARM_GCC_541\Debug\main.o (uart_interrupt_StartEx)
.\CortexM3\ARM_GCC_541\Debug\Design01.a(LED_RED.o)
                              .\CortexM3\ARM_GCC_541\Debug\main.o (LED_RED_Write)
.\CortexM3\ARM_GCC_541\Debug\Design01.a(LED_Green.o)
                              .\CortexM3\ARM_GCC_541\Debug\main.o (LED_Green_Write)
.\CortexM3\ARM_GCC_541\Debug\Design01.a(LED_YELLOW.o)
                              .\CortexM3\ARM_GCC_541\Debug\main.o (LED_YELLOW_Write)
.\CortexM3\ARM_GCC_541\Debug\Design01.a(CyBootAsmGnu.o)
                              .\CortexM3\ARM_GCC_541\Debug\cyfitter_cfg.o (CyDelayCycles)
.\CortexM3\ARM_GCC_541\Debug\Design01.a(CyFlash.o)
                              .\CortexM3\ARM_GCC_541\Debug\Design01.a(cyPm.o) (CyFlash_SetWaitCycles)
.\CortexM3\ARM_GCC_541\Debug\Design01.a(CySpc.o)
                              .\CortexM3\ARM_GCC_541\Debug\Design01.a(CyFlash.o) (CySpcStart)
.\fft\libfft_application.a(fft_application.o)
                              .\CortexM3\ARM_GCC_541\Debug\main.o (fft_app)
.\fft\libfft_application.a(arm_rfft_q31.o)
                              .\fft\libfft_application.a(fft_application.o) (arm_rfft_q31)
.\fft\libfft_application.a(arm_rfft_init_q31.o)
                              .\fft\libfft_application.a(fft_application.o) (arm_rfft_init_q31)
.\fft\libfft_application.a(arm_cfft_q31.o)
                              .\fft\libfft_application.a(arm_rfft_q31.o) (arm_cfft_q31)
.\fft\libfft_application.a(arm_cfft_radix4_q31.o)
                              .\fft\libfft_application.a(arm_cfft_q31.o) (arm_radix4_butterfly_q31)
.\fft\libfft_application.a(arm_const_structs.o)
                              .\fft\libfft_application.a(arm_rfft_init_q31.o) (arm_cfft_sR_q31_len4096)
.\fft\libfft_application.a(arm_bitreversal2.o)
                              .\fft\libfft_application.a(arm_cfft_q31.o) (arm_bitreversal_32)
.\fft\libfft_application.a(arm_common_tables.o)
                              .\fft\libfft_application.a(arm_const_structs.o) (twiddleCoef_rfft_4096)
c:/program files (x86)/cypress/psoc creator/4.4/psoc creator/import/gnu/arm/5.4.1/bin/../lib/gcc/arm-none-eabi/5.4.1/../../../../arm-none-eabi/lib/armv7-m\libm.a(lib_a-w_pow.o)
[...]
Memory Configuration

Name             Origin             Length             Attributes
rom              0x00000000         0x00040000         xr
ram              0x1fff8000         0x00010000         xrw
*default*        0x00000000         0xffffffff

Linker script and memory map

LOAD c:/program files (x86)/cypress/psoc creator/4.4/psoc creator/import/gnu/arm/5.4.1/bin/../lib/gcc/arm-none-eabi/5.4.1/armv7-m/crti.o
LOAD c:/program files (x86)/cypress/psoc creator/4.4/psoc creator/import/gnu/arm/5.4.1/bin/../lib/gcc/arm-none-eabi/5.4.1/armv7-m/crtbegin.o
LOAD c:/program files (x86)/cypress/psoc creator/4.4/psoc creator/import/gnu/arm/5.4.1/bin/../lib/gcc/arm-none-eabi/5.4.1/../../../../arm-none-eabi/lib/armv7-m/crt0.o
START GROUP
LOAD .\CortexM3\ARM_GCC_541\Debug\main.o
LOAD .\CortexM3\ARM_GCC_541\Debug\cfar.o
LOAD .\CortexM3\ARM_GCC_541\Debug\cyfitter_cfg.o
LOAD .\CortexM3\ARM_GCC_541\Debug\cymetadata.o
LOAD .\CortexM3\ARM_GCC_541\Debug\Cm3Start.o
LOAD .\CortexM3\ARM_GCC_541\Debug\Design01.a
LOAD C:\Program Files (x86)\Cypress\PSoC Creator\4.4\PSoC Creator\psoc\content\cycomponentlibrary\CyComponentLibrary.cylib\CortexM3\ARM_GCC_541\Debug\CyComponentLibrary.a
LOAD .\fft\libfft_application.a
LOAD c:/program files (x86)/cypress/psoc creator/4.4/psoc creator/import/gnu/arm/5.4.1/bin/../lib/gcc/arm-none-eabi/5.4.1/../../../../arm-none-eabi/lib/armv7-m\libm.a
END GROUP
START GROUP
LOAD c:/program files (x86)/cypress/psoc creator/4.4/psoc creator/import/gnu/arm/5.4.1/bin/../lib/gcc/arm-none-eabi/5.4.1/armv7-m\libgcc.a
LOAD c:/program files (x86)/cypress/psoc creator/4.4/psoc creator/import/gnu/arm/5.4.1/bin/../lib/gcc/arm-none-eabi/5.4.1/../../../../arm-none-eabi/lib/armv7-m\libg_nano.a
LOAD c:/program files (x86)/cypress/psoc creator/4.4/psoc creator/import/gnu/arm/5.4.1/bin/../lib/gcc/arm-none-eabi/5.4.1/../../../../arm-none-eabi/lib/armv7-m\libc_nano.a
END GROUP
START GROUP
LOAD c:/program files (x86)/cypress/psoc creator/4.4/psoc creator/import/gnu/arm/5.4.1/bin/../lib/gcc/arm-none-eabi/5.4.1/armv7-m\libgcc.a
LOAD c:/program files (x86)/cypress/psoc creator/4.4/psoc creator/import/gnu/arm/5.4.1/bin/../lib/gcc/arm-none-eabi/5.4.1/../../../../arm-none-eabi/lib/armv7-m\libc_nano.a
END GROUP
LOAD c:/program files (x86)/cypress/psoc creator/4.4/psoc creator/import/gnu/arm/5.4.1/bin/../lib/gcc/arm-none-eabi/5.4.1/armv7-m/crtend.o
LOAD c:/program files (x86)/cypress/psoc creator/4.4/psoc creator/import/gnu/arm/5.4.1/bin/../lib/gcc/arm-none-eabi/5.4.1/armv7-m/crtn.o
START GROUP
LOAD c:/program files (x86)/cypress/psoc creator/4.4/psoc creator/import/gnu/arm/5.4.1/bin/../lib/gcc/arm-none-eabi/5.4.1/armv7-m\libgcc.a
LOAD c:/program files (x86)/cypress/psoc creator/4.4/psoc creator/import/gnu/arm/5.4.1/bin/../lib/gcc/arm-none-eabi/5.4.1/../../../../arm-none-eabi/lib/armv7-m\libc.a
LOAD c:/program files (x86)/cypress/psoc creator/4.4/psoc creator/import/gnu/arm/5.4.1/bin/../lib/gcc/arm-none-eabi/5.4.1/../../../../arm-none-eabi/lib/armv7-m\libnosys.a
END GROUP
                0x00000000                CY_APPL_ORIGIN = 0x0
                0x00000100                CY_FLASH_ROW_SIZE = 0x100
                0x00000020                CY_ECC_ROW_SIZE = 0x20
                0x00000000                CY_EE_IN_BTLDR = 0x0
                0x00000000                CY_APPL_LOADABLE = 0x0
                0x00000800                CY_EE_SIZE = 0x800
                0x00000001                CY_APPL_NUM = 0x1
                0x00000001                CY_APPL_MAX = 0x1
                0x00000040                CY_METADATA_SIZE = 0x40
                0x00000000                CY_APPL_LOADABLE = 0x0
                0x00000000                CY_CHECKSUM_EXCLUDE_SIZE = ALIGN (0x0, CY_FLASH_ROW_SIZE)
                [!provide]                PROVIDE (__cy_heap_start, _end)
                0x00000001                PROVIDE (__cy_region_num, ((__cy_regions_end - __cy_regions) / 0x10))
                0x20008000                PROVIDE (__cy_stack, (ORIGIN (ram) + LENGTH (ram)))
                [!provide]                PROVIDE (__cy_heap_end, (__cy_stack - 0x800))

.cybootloader   0x00000000        0x0
 *(.cybootloader)
                0x00000000                appl1_start = CY_APPL_ORIGIN?CY_APPL_ORIGIN:ALIGN (CY_FLASH_ROW_SIZE)
                0x0001ff00                appl2_start = (appl1_start + ALIGN ((((LENGTH (rom) - appl1_start) - (0x2 * CY_FLASH_ROW_SIZE)) / 0x2), CY_FLASH_ROW_SIZE))
                0x00000000                appl_start = (CY_APPL_NUM == 0x1)?appl1_start:appl2_start
                0x00000000                ecc_offset = ((appl_start / CY_FLASH_ROW_SIZE) * CY_ECC_ROW_SIZE)
                0x00000000                ee_offset = (CY_APPL_LOADABLE && ! (CY_EE_IN_BTLDR))?((CY_EE_SIZE / CY_APPL_MAX) * (CY_APPL_NUM - 0x1)):0x0
                0x00000800                ee_size = (CY_APPL_LOADABLE && ! (CY_EE_IN_BTLDR))?(CY_EE_SIZE / CY_APPL_MAX):CY_EE_SIZE
                [!provide]                PROVIDE (CY_ECC_OFFSET, ecc_offset)

.text           0x00000000     0x4f54
 CREATE_OBJECT_SYMBOLS
                0x00000000                PROVIDE (__cy_interrupt_vector, RomVectors)
 *(.romvectors)
 .romvectors    0x00000000       0x10 .\CortexM3\ARM_GCC_541\Debug\Cm3Start.o
                0x00000000                RomVectors
                0x00000001                ASSERT ((. != __cy_interrupt_vector), No interrupt vector)
                0x00000001                ASSERT (CY_APPL_ORIGIN?(SIZEOF (.cybootloader) <= CY_APPL_ORIGIN):0x1, Wrong image location)
                0x00000010                PROVIDE (__cy_reset, Reset)
 *(.text.Reset)
 .text.Reset    0x00000010       0x18 .\CortexM3\ARM_GCC_541\Debug\Cm3Start.o
                0x00000010                Reset
                0x00000001                ASSERT ((. != __cy_reset), No reset code)
 *(.dma_init)
                0x00000001                ASSERT ((((appl_start + .) <= 0x10000) || 0x1), DMA Init must be within the first 64k of flash)
 *(.text .text.* .gnu.linkonce.t.*)
 .text          0x00000028       0x5c c:/program files (x86)/cypress/psoc creator/4.4/psoc creator/import/gnu/arm/5.4.1/bin/../lib/gcc/arm-none-eabi/5.4.1/armv7-m/crtbegin.o
 .text.Pin_SW_Handler
                0x00000084       0x14 .\CortexM3\ARM_GCC_541\Debug\main.o
                0x00000084                Pin_SW_Handler
 .text.uart_interrupt
                0x00000098       0x28 .\CortexM3\ARM_GCC_541\Debug\main.o
                0x00000098                uart_interrupt
 .text.main     0x000000c0      0x1a4 .\CortexM3\ARM_GCC_541\Debug\main.o
                0x000000c0                main
 .text.compute_magnitudes
                0x00000264       0x44 .\CortexM3\ARM_GCC_541\Debug\cfar.o
                0x00000264                compute_magnitudes
 .text.init_fifo_buffer
                0x000002a8       0x24 .\CortexM3\ARM_GCC_541\Debug\cfar.o
                0x000002a8                init_fifo_buffer
 *fill*         0x000002cc        0x4 
 .text.cfar_get_threshold
                0x000002d0      0x108 .\CortexM3\ARM_GCC_541\Debug\cfar.o
                0x000002d0                cfar_get_threshold
 .text.CyClockStartupError
                0x000003d8        0x4 .\CortexM3\ARM_GCC_541\Debug\cyfitter_cfg.o
 .text.cfg_write_bytes32
                0x000003dc       0x34 .\CortexM3\ARM_GCC_541\Debug\cyfitter_cfg.o
 .text.AnalogSetDefault
                0x00000410       0x40 .\CortexM3\ARM_GCC_541\Debug\cyfitter_cfg.o
 .text.CYMEMZERO
                0x00000450        0xc .\CortexM3\ARM_GCC_541\Debug\cyfitter_cfg.o
 .text.CYCONFIGCPY
                0x0000045c        0x8 .\CortexM3\ARM_GCC_541\Debug\cyfitter_cfg.o
 .text.ClockSetup
                0x00000464      0x100 .\CortexM3\ARM_GCC_541\Debug\cyfitter_cfg.o
 .text.ADC_AMux_Set
                0x00000564       0x1c .\CortexM3\ARM_GCC_541\Debug\cyfitter_cfg.o
                0x00000564                ADC_AMux_Set
 .text.ADC_AMux_Unset
                0x00000580       0x1c .\CortexM3\ARM_GCC_541\Debug\cyfitter_cfg.o
                0x00000580                ADC_AMux_Unset
 .text.cyfitter_cfg
                0x0000059c      0x130 .\CortexM3\ARM_GCC_541\Debug\cyfitter_cfg.o
                0x0000059c                cyfitter_cfg
 .text.IntDefaultHandler
                0x000006cc       0x10 .\CortexM3\ARM_GCC_541\Debug\Cm3Start.o
                0x000006cc                IntDefaultHandler
 .text._sbrk    0x000006dc       0x30 .\CortexM3\ARM_GCC_541\Debug\Cm3Start.o
                0x000006dc                _sbrk
 .text.Start_c  0x0000070c       0x4c .\CortexM3\ARM_GCC_541\Debug\Cm3Start.o
                0x0000070c                Start_c
 .text.initialize_psoc
                0x00000758       0x6c .\CortexM3\ARM_GCC_541\Debug\Cm3Start.o
                0x00000758                initialize_psoc
 .text.UART_1_Init
                0x000007c4       0x24 .\CortexM3\ARM_GCC_541\Debug\Design01.a(UART_1.o)
                0x000007c4                UART_1_Init
 .text.UART_1_Enable
                0x000007e8       0x38 .\CortexM3\ARM_GCC_541\Debug\Design01.a(UART_1.o)
                0x000007e8                UART_1_Enable
 .text.UART_1_Start
                0x00000820       0x1c .\CortexM3\ARM_GCC_541\Debug\Design01.a(UART_1.o)
                0x00000820                UART_1_Start
 .text.UART_1_GetChar
                0x0000083c       0x2c .\CortexM3\ARM_GCC_541\Debug\Design01.a(UART_1.o)
                0x0000083c                UART_1_GetChar
 .text.UART_1_PutChar
                0x00000868       0x18 .\CortexM3\ARM_GCC_541\Debug\Design01.a(UART_1.o)
                0x00000868                UART_1_PutChar
 .text.ADC_GainCompensation
                0x00000880       0xe0 .\CortexM3\ARM_GCC_541\Debug\Design01.a(ADC.o)
 .text.ADC_SetDSMRef0Reg
                0x00000960       0x4c .\CortexM3\ARM_GCC_541\Debug\Design01.a(ADC.o)
 .text.ADC_InitConfig
                0x000009ac      0x338 .\CortexM3\ARM_GCC_541\Debug\Design01.a(ADC.o)
 .text.ADC_Init
                0x00000ce4      0x108 .\CortexM3\ARM_GCC_541\Debug\Design01.a(ADC.o)
                0x00000ce4                ADC_Init
 .text.ADC_Enable
                0x00000dec       0xd8 .\CortexM3\ARM_GCC_541\Debug\Design01.a(ADC.o)
                0x00000dec                ADC_Enable
 .text.ADC_Start
                0x00000ec4       0x28 .\CortexM3\ARM_GCC_541\Debug\Design01.a(ADC.o)
                0x00000ec4                ADC_Start
 .text.ADC_StartConvert
                0x00000eec       0x10 .\CortexM3\ARM_GCC_541\Debug\Design01.a(ADC.o)
                0x00000eec                ADC_StartConvert
 .text.ADC_StopConvert
                0x00000efc       0x10 .\CortexM3\ARM_GCC_541\Debug\Design01.a(ADC.o)
                0x00000efc                ADC_StopConvert
 .text.ADC_IsEndConversion
                0x00000f0c       0x30 .\CortexM3\ARM_GCC_541\Debug\Design01.a(ADC.o)
                0x00000f0c                ADC_IsEndConversion
 .text.ADC_GetResult16
                0x00000f3c       0x50 .\CortexM3\ARM_GCC_541\Debug\Design01.a(ADC.o)
                0x00000f3c                ADC_GetResult16
 .text.ADC_ISR1
                0x00000f8c        0x4 .\CortexM3\ARM_GCC_541\Debug\Design01.a(ADC_INT.o)
                0x00000f8c                ADC_ISR1
 .text.ADC_ISR2
                0x00000f90        0x4 .\CortexM3\ARM_GCC_541\Debug\Design01.a(ADC_INT.o)
                0x00000f90                ADC_ISR2
 .text.ADC_ISR3
                0x00000f94        0x4 .\CortexM3\ARM_GCC_541\Debug\Design01.a(ADC_INT.o)
                0x00000f94                ADC_ISR3
 .text.ADC_ISR4
                0x00000f98        0x4 .\CortexM3\ARM_GCC_541\Debug\Design01.a(ADC_INT.o)
                0x00000f98                ADC_ISR4
 .text.WaveDAC8_1_Enable
                0x00000f9c       0x28 .\CortexM3\ARM_GCC_541\Debug\Design01.a(WaveDAC8_1.o)
                0x00000f9c                WaveDAC8_1_Enable
 .text.WaveDAC8_1_Wave1Setup
                0x00000fc4       0x40 .\CortexM3\ARM_GCC_541\Debug\Design01.a(WaveDAC8_1.o)
                0x00000fc4                WaveDAC8_1_Wave1Setup
 .text.WaveDAC8_1_Wave2Setup
                0x00001004       0x40 .\CortexM3\ARM_GCC_541\Debug\Design01.a(WaveDAC8_1.o)
                0x00001004                WaveDAC8_1_Wave2Setup
 .text.WaveDAC8_1_Init
                0x00001044       0x40 .\CortexM3\ARM_GCC_541\Debug\Design01.a(WaveDAC8_1.o)
                0x00001044                WaveDAC8_1_Init
 .text.WaveDAC8_1_Start
                0x00001084       0x1c .\CortexM3\ARM_GCC_541\Debug\Design01.a(WaveDAC8_1.o)
                0x00001084                WaveDAC8_1_Start
 .text.UART_1_IntClock_Start
                0x000010a0       0x1c .\CortexM3\ARM_GCC_541\Debug\Design01.a(UART_1_IntClock.o)
                0x000010a0                UART_1_IntClock_Start
 .text.ADC_AMux_Start
                0x000010bc       0x20 .\CortexM3\ARM_GCC_541\Debug\Design01.a(ADC_AMux.o)
                0x000010bc                ADC_AMux_Start
 .text.ADC_AMux_Select
                0x000010dc       0x18 .\CortexM3\ARM_GCC_541\Debug\Design01.a(ADC_AMux.o)
                0x000010dc                ADC_AMux_Select
 .text.ADC_Ext_CP_Clk_GetDividerRegister
                0x000010f4        0xc .\CortexM3\ARM_GCC_541\Debug\Design01.a(ADC_Ext_CP_Clk.o)
                0x000010f4                ADC_Ext_CP_Clk_GetDividerRegister
 .text.ADC_Ext_CP_Clk_SetModeRegister
                0x00001100       0x14 .\CortexM3\ARM_GCC_541\Debug\Design01.a(ADC_Ext_CP_Clk.o)
                0x00001100                ADC_Ext_CP_Clk_SetModeRegister
 .text.ADC_Ext_CP_Clk_GetSourceRegister
                0x00001114       0x10 .\CortexM3\ARM_GCC_541\Debug\Design01.a(ADC_Ext_CP_Clk.o)
                0x00001114                ADC_Ext_CP_Clk_GetSourceRegister
 .text.ADC_Ext_CP_Clk_SetDividerRegister
                0x00001124       0xd8 .\CortexM3\ARM_GCC_541\Debug\Design01.a(ADC_Ext_CP_Clk.o)
                0x00001124                ADC_Ext_CP_Clk_SetDividerRegister
 .text.ADC_theACLK_GetDividerRegister
                0x000011fc        0xc .\CortexM3\ARM_GCC_541\Debug\Design01.a(ADC_theACLK.o)
                0x000011fc                ADC_theACLK_GetDividerRegister
 .text.ADC_theACLK_SetModeRegister
                0x00001208       0x14 .\CortexM3\ARM_GCC_541\Debug\Design01.a(ADC_theACLK.o)
                0x00001208                ADC_theACLK_SetModeRegister
 .text.ADC_theACLK_GetSourceRegister
                0x0000121c       0x10 .\CortexM3\ARM_GCC_541\Debug\Design01.a(ADC_theACLK.o)
                0x0000121c                ADC_theACLK_GetSourceRegister
 .text.ADC_theACLK_SetDividerRegister
                0x0000122c       0xd8 .\CortexM3\ARM_GCC_541\Debug\Design01.a(ADC_theACLK.o)
                0x0000122c                ADC_theACLK_SetDividerRegister
 .text.WaveDAC8_1_DacClk_Start
                0x00001304       0x1c .\CortexM3\ARM_GCC_541\Debug\Design01.a(WaveDAC8_1_DacClk.o)
                0x00001304                WaveDAC8_1_DacClk_Start
 .text.WaveDAC8_1_Wave1_DMA_DmaInitialize
                0x00001320       0x3c .\CortexM3\ARM_GCC_541\Debug\Design01.a(WaveDAC8_1_Wave1_DMA_dma.o)
                0x00001320                WaveDAC8_1_Wave1_DMA_DmaInitialize
 .text.WaveDAC8_1_Wave2_DMA_DmaInitialize
                0x0000135c       0x3c .\CortexM3\ARM_GCC_541\Debug\Design01.a(WaveDAC8_1_Wave2_DMA_dma.o)
                0x0000135c                WaveDAC8_1_Wave2_DMA_DmaInitialize
 .text.WaveDAC8_1_VDAC8_Enable
                0x00001398       0x1c .\CortexM3\ARM_GCC_541\Debug\Design01.a(WaveDAC8_1_VDAC8.o)
                0x00001398                WaveDAC8_1_VDAC8_Enable
 .text.WaveDAC8_1_VDAC8_SetSpeed
                0x000013b4       0x1c .\CortexM3\ARM_GCC_541\Debug\Design01.a(WaveDAC8_1_VDAC8.o)
                0x000013b4                WaveDAC8_1_VDAC8_SetSpeed
 .text.WaveDAC8_1_VDAC8_SetValue
                0x000013d0        0xc .\CortexM3\ARM_GCC_541\Debug\Design01.a(WaveDAC8_1_VDAC8.o)
                0x000013d0                WaveDAC8_1_VDAC8_SetValue
 .text.WaveDAC8_1_VDAC8_DacTrim
                0x000013dc       0x24 .\CortexM3\ARM_GCC_541\Debug\Design01.a(WaveDAC8_1_VDAC8.o)
                0x000013dc                WaveDAC8_1_VDAC8_DacTrim
 .text.WaveDAC8_1_VDAC8_SetRange
                0x00001400       0x20 .\CortexM3\ARM_GCC_541\Debug\Design01.a(WaveDAC8_1_VDAC8.o)
                0x00001400                WaveDAC8_1_VDAC8_SetRange
 .text.WaveDAC8_1_VDAC8_Init
                0x00001420       0x2c .\CortexM3\ARM_GCC_541\Debug\Design01.a(WaveDAC8_1_VDAC8.o)
                0x00001420                WaveDAC8_1_VDAC8_Init
 .text.CyDmacConfigure
                0x0000144c       0x34 .\CortexM3\ARM_GCC_541\Debug\Design01.a(CyDmac.o)
                0x0000144c                CyDmacConfigure
 .text.CyDmaChEnable
                0x00001480       0x38 .\CortexM3\ARM_GCC_541\Debug\Design01.a(CyDmac.o)
                0x00001480                CyDmaChEnable
 .text.CyDmaChPriority
                0x000014b8       0x24 .\CortexM3\ARM_GCC_541\Debug\Design01.a(CyDmac.o)
                0x000014b8                CyDmaChPriority
 .text.CyDmaChSetExtendedAddress
                0x000014dc       0x34 .\CortexM3\ARM_GCC_541\Debug\Design01.a(CyDmac.o)
                0x000014dc                CyDmaChSetExtendedAddress
 .text.CyDmaChSetInitialTd
                0x00001510       0x18 .\CortexM3\ARM_GCC_541\Debug\Design01.a(CyDmac.o)
                0x00001510                CyDmaChSetInitialTd
 .text.CyDmaChSetConfiguration
                0x00001528       0x44 .\CortexM3\ARM_GCC_541\Debug\Design01.a(CyDmac.o)
                0x00001528                CyDmaChSetConfiguration
 .text.CyDmaTdAllocate
                0x0000156c       0x34 .\CortexM3\ARM_GCC_541\Debug\Design01.a(CyDmac.o)
                0x0000156c                CyDmaTdAllocate
 .text.CyDmaTdSetConfiguration
                0x000015a0       0x28 .\CortexM3\ARM_GCC_541\Debug\Design01.a(CyDmac.o)
                0x000015a0                CyDmaTdSetConfiguration
 .text.CyDmaTdSetAddress
                0x000015c8       0x1c .\CortexM3\ARM_GCC_541\Debug\Design01.a(CyDmac.o)
                0x000015c8                CyDmaTdSetAddress
 .text.CyHalt   0x000015e4        0x4 .\CortexM3\ARM_GCC_541\Debug\Design01.a(CyLib.o)
                0x000015e4                CyHalt
 .text.CyDelayUs
                0x000015e8       0x14 .\CortexM3\ARM_GCC_541\Debug\Design01.a(CyLib.o)
                0x000015e8                CyDelayUs
 .text.CyIntSetVector
                0x000015fc       0x28 .\CortexM3\ARM_GCC_541\Debug\Design01.a(CyLib.o)
                0x000015fc                CyIntSetVector
 .text.CyIntSetPriority
                0x00001624       0x30 .\CortexM3\ARM_GCC_541\Debug\Design01.a(CyLib.o)
                0x00001624                CyIntSetPriority
 .text.isr_button_SetVector
                0x00001654        0xc .\CortexM3\ARM_GCC_541\Debug\Design01.a(isr_button.o)
                0x00001654                isr_button_SetVector
 .text.isr_button_SetPriority
                0x00001660       0x10 .\CortexM3\ARM_GCC_541\Debug\Design01.a(isr_button.o)
                0x00001660                isr_button_SetPriority
 .text.isr_button_Enable
                0x00001670        0xc .\CortexM3\ARM_GCC_541\Debug\Design01.a(isr_button.o)
                0x00001670                isr_button_Enable
 .text.isr_button_Disable
                0x0000167c        0xc .\CortexM3\ARM_GCC_541\Debug\Design01.a(isr_button.o)
                0x0000167c                isr_button_Disable
 .text.isr_button_StartEx
                0x00001688       0x1c .\CortexM3\ARM_GCC_541\Debug\Design01.a(isr_button.o)
                0x00001688                isr_button_StartEx
 .text.Pin_SW_ClearInterrupt
                0x000016a4        0xc .\CortexM3\ARM_GCC_541\Debug\Design01.a(Pin_SW.o)
                0x000016a4                Pin_SW_ClearInterrupt
 .text.uart_interrupt_SetVector
                0x000016b0        0xc .\CortexM3\ARM_GCC_541\Debug\Design01.a(uart_interrupt.o)
                0x000016b0                uart_interrupt_SetVector
 .text.uart_interrupt_SetPriority
                0x000016bc       0x10 .\CortexM3\ARM_GCC_541\Debug\Design01.a(uart_interrupt.o)
                0x000016bc                uart_interrupt_SetPriority
 .text.uart_interrupt_Enable
                0x000016cc        0xc .\CortexM3\ARM_GCC_541\Debug\Design01.a(uart_interrupt.o)
                0x000016cc                uart_interrupt_Enable
 .text.uart_interrupt_Disable
                0x000016d8        0xc .\CortexM3\ARM_GCC_541\Debug\Design01.a(uart_interrupt.o)
                0x000016d8                uart_interrupt_Disable
 .text.uart_interrupt_StartEx
                0x000016e4       0x1c .\CortexM3\ARM_GCC_541\Debug\Design01.a(uart_interrupt.o)
                0x000016e4                uart_interrupt_StartEx
 .text.LED_RED_Write
                0x00001700       0x18 .\CortexM3\ARM_GCC_541\Debug\Design01.a(LED_RED.o)
                0x00001700                LED_RED_Write
 .text.LED_Green_Write
                0x00001718       0x18 .\CortexM3\ARM_GCC_541\Debug\Design01.a(LED_Green.o)
                0x00001718                LED_Green_Write
 .text.LED_YELLOW_Write
                0x00001730       0x18 .\CortexM3\ARM_GCC_541\Debug\Design01.a(LED_YELLOW.o)
                0x00001730                LED_YELLOW_Write
 .text          0x00001748       0x20 .\CortexM3\ARM_GCC_541\Debug\Design01.a(CyBootAsmGnu.o)
                0x00001748                CyDelayCycles
                0x00001758                CyEnterCriticalSection
                0x00001760                CyExitCriticalSection
 .text.fft_app  0x00001768       0x44 .\fft\libfft_application.a(fft_application.o)
                0x00001768                fft_app
 .text.arm_split_rfft_q31
                0x000017ac      0x21c .\fft\libfft_application.a(arm_rfft_q31.o)
                0x000017ac                arm_split_rfft_q31
 .text.arm_split_rifft_q31
                0x000019c8      0x1bc .\fft\libfft_application.a(arm_rfft_q31.o)
                0x000019c8                arm_split_rifft_q31
 .text.arm_rfft_q31
                0x00001b84       0x70 .\fft\libfft_application.a(arm_rfft_q31.o)
                0x00001b84                arm_rfft_q31
 .text.arm_rfft_init_q31
                0x00001bf4       0xf0 .\fft\libfft_application.a(arm_rfft_init_q31.o)
                0x00001bf4                arm_rfft_init_q31
 .text.arm_cfft_radix4by2_q31
                0x00001ce4      0x18c .\fft\libfft_application.a(arm_cfft_q31.o)
                0x00001ce4                arm_cfft_radix4by2_q31
 .text.arm_cfft_radix4by2_inverse_q31
                0x00001e70      0x18c .\fft\libfft_application.a(arm_cfft_q31.o)
                0x00001e70                arm_cfft_radix4by2_inverse_q31
 .text.arm_cfft_q31
                0x00001ffc       0xbc .\fft\libfft_application.a(arm_cfft_q31.o)
                0x00001ffc                arm_cfft_q31
 .text.arm_radix4_butterfly_q31
                0x000020b8      0x570 .\fft\libfft_application.a(arm_cfft_radix4_q31.o)
                0x000020b8                arm_radix4_butterfly_q31
 .text.arm_radix4_butterfly_inverse_q31
                0x00002628      0x570 .\fft\libfft_application.a(arm_cfft_radix4_q31.o)
                0x00002628                arm_radix4_butterfly_inverse_q31
 .text          0x00002b98       0xc0 .\fft\libfft_application.a(arm_bitreversal2.o)
                0x00002b98                arm_bitreversal_32
                0x00002c02                arm_bitreversal_16
 .text.pow      0x00002c58      0x330 c:/program files (x86)/cypress/psoc creator/4.4/psoc creator/import/gnu/arm/5.4.1/bin/../lib/gcc/arm-none-eabi/5.4.1/../../../../arm-none-eabi/lib/armv7-m\libm.a(lib_a-w_pow.o)
                0x00002c58                pow
 .text.sqrt     0x00002f88       0xb8 c:/program files (x86)/cypress/psoc creator/4.4/psoc creator/import/gnu/arm/5.4.1/bin/../lib/gcc/arm-none-eabi/5.4.1/../../../../arm-none-eabi/lib/armv7-m\libm.a(lib_a-w_sqrt.o)
                0x00002f88                sqrt
 .text.__ieee754_pow
                0x00003040      0xac4 c:/program files (x86)/cypress/psoc creator/4.4/psoc creator/import/gnu/arm/5.4.1/bin/../lib/gcc/arm-none-eabi/5.4.1/../../../../arm-none-eabi/lib/armv7-m\libm.a(lib_a-e_pow.o)
                0x00003040                __ieee754_pow
 .text.__ieee754_sqrt
                0x00003b04      0x188 c:/program files (x86)/cypress/psoc creator/4.4/psoc creator/import/gnu/arm/5.4.1/bin/../lib/gcc/arm-none-eabi/5.4.1/../../../../arm-none-eabi/lib/armv7-m\libm.a(lib_a-e_sqrt.o)
                0x00003b04                __ieee754_sqrt
 .text.fabs     0x00003c8c        0x8 c:/program files (x86)/cypress/psoc creator/4.4/psoc creator/import/gnu/arm/5.4.1/bin/../lib/gcc/arm-none-eabi/5.4.1/../../../../arm-none-eabi/lib/armv7-m\libm.a(lib_a-s_fabs.o)
                0x00003c8c                fabs
 .text.finite   0x00003c94        0xc c:/program files (x86)/cypress/psoc creator/4.4/psoc creator/import/gnu/arm/5.4.1/bin/../lib/gcc/arm-none-eabi/5.4.1/../../../../arm-none-eabi/lib/armv7-m\libm.a(lib_a-s_finite.o)
                0x00003c94                finite
 .text.matherr  0x00003ca0        0x4 c:/program files (x86)/cypress/psoc creator/4.4/psoc creator/import/gnu/arm/5.4.1/bin/../lib/gcc/arm-none-eabi/5.4.1/../../../../arm-none-eabi/lib/armv7-m\libm.a(lib_a-s_matherr.o)
                0x00003ca0                matherr
 .text.nan      0x00003ca4        0xc c:/program files (x86)/cypress/psoc creator/4.4/psoc creator/import/gnu/arm/5.4.1/bin/../lib/gcc/arm-none-eabi/5.4.1/../../../../arm-none-eabi/lib/armv7-m\libm.a(lib_a-s_nan.o)
                0x00003ca4                nan
 .text.rint     0x00003cb0      0x120 c:/program files (x86)/cypress/psoc creator/4.4/psoc creator/import/gnu/arm/5.4.1/bin/../lib/gcc/arm-none-eabi/5.4.1/../../../../arm-none-eabi/lib/armv7-m\libm.a(lib_a-s_rint.o)
                0x00003cb0                rint
 .text.scalbn   0x00003dd0       0xe4 c:/program files (x86)/cypress/psoc creator/4.4/psoc creator/import/gnu/arm/5.4.1/bin/../lib/gcc/arm-none-eabi/5.4.1/../../../../arm-none-eabi/lib/armv7-m\libm.a(lib_a-s_scalbn.o)
                0x00003dd0                scalbn
 .text.copysign
                0x00003eb4       0x10 c:/program files (x86)/cypress/psoc creator/4.4/psoc creator/import/gnu/arm/5.4.1/bin/../lib/gcc/arm-none-eabi/5.4.1/../../../../arm-none-eabi/lib/armv7-m\libm.a(lib_a-s_copysign.o)
                0x00003eb4                copysign
 .text          0x00003ec4      0x370 c:/program files (x86)/cypress/psoc creator/4.4/psoc creator/import/gnu/arm/5.4.1/bin/../lib/gcc/arm-none-eabi/5.4.1/armv7-m\libgcc.a(_arm_addsubdf3.o)
                0x00003ec4                __aeabi_drsub
                0x00003ecc                __aeabi_dsub
                0x00003ecc                __subdf3
                0x00003ed0                __aeabi_dadd
                0x00003ed0                __adddf3
                0x00004148                __floatunsidf
                0x00004148                __aeabi_ui2d
                0x00004168                __floatsidf
                0x00004168                __aeabi_i2d
                0x0000418c                __aeabi_f2d
                0x0000418c                __extendsfdf2
                0x000041c8                __floatundidf
                0x000041c8                __aeabi_ul2d
                0x000041d8                __floatdidf
                0x000041d8                __aeabi_l2d
 .text          0x00004234      0x424 c:/program files (x86)/cypress/psoc creator/4.4/psoc creator/import/gnu/arm/5.4.1/bin/../lib/gcc/arm-none-eabi/5.4.1/armv7-m\libgcc.a(_arm_muldivdf3.o)
                0x00004234                __aeabi_dmul
                0x00004234                __muldf3
                0x00004488                __divdf3
                0x00004488                __aeabi_ddiv
 .text          0x00004658      0x110 c:/program files (x86)/cypress/psoc creator/4.4/psoc creator/import/gnu/arm/5.4.1/bin/../lib/gcc/arm-none-eabi/5.4.1/armv7-m\libgcc.a(_arm_cmpdf2.o)
                0x00004658                __gtdf2
                0x00004658                __gedf2
                0x00004660                __ltdf2
                0x00004660                __ledf2
                0x00004668                __nedf2
                0x00004668                __eqdf2
                0x00004668                __cmpdf2
                0x000046e4                __aeabi_cdrcmple
                0x000046f4                __aeabi_cdcmpeq
                0x000046f4                __aeabi_cdcmple
                0x00004704                __aeabi_dcmpeq
                0x00004718                __aeabi_dcmplt
                0x0000472c                __aeabi_dcmple
                0x00004740                __aeabi_dcmpge
                0x00004754                __aeabi_dcmpgt
 .text          0x00004768       0x2c c:/program files (x86)/cypress/psoc creator/4.4/psoc creator/import/gnu/arm/5.4.1/bin/../lib/gcc/arm-none-eabi/5.4.1/armv7-m\libgcc.a(_arm_unorddf2.o)
                0x00004768                __unorddf2
                0x00004768                __aeabi_dcmpun
 .text          0x00004794       0xa0 c:/program files (x86)/cypress/psoc creator/4.4/psoc creator/import/gnu/arm/5.4.1/bin/../lib/gcc/arm-none-eabi/5.4.1/armv7-m\libgcc.a(_arm_truncdfsf2.o)
                0x00004794                __truncdfsf2
                0x00004794                __aeabi_d2f
 .text          0x00004834      0x21c c:/program files (x86)/cypress/psoc creator/4.4/psoc creator/import/gnu/arm/5.4.1/bin/../lib/gcc/arm-none-eabi/5.4.1/armv7-m\libgcc.a(_arm_addsubsf3.o)
                0x00004834                __aeabi_frsub
                0x0000483c                __subsf3
                0x0000483c                __aeabi_fsub
                0x00004840                __aeabi_fadd
                0x00004840                __addsf3
                0x000049a0                __aeabi_ui2f
                0x000049a0                __floatunsisf
                0x000049a8                __aeabi_i2f
                0x000049a8                __floatsisf
                0x000049c4                __aeabi_ul2f
                0x000049c4                __floatundisf
                0x000049d4                __aeabi_l2f
                0x000049d4                __floatdisf
 .text          0x00004a50      0x2a0 c:/program files (x86)/cypress/psoc creator/4.4/psoc creator/import/gnu/arm/5.4.1/bin/../lib/gcc/arm-none-eabi/5.4.1/armv7-m\libgcc.a(_arm_muldivsf3.o)
                0x00004a50                __mulsf3
                0x00004a50                __aeabi_fmul
                0x00004bb8                __aeabi_fdiv
                0x00004bb8                __divsf3
 .text          0x00004cf0       0x4c c:/program files (x86)/cypress/psoc creator/4.4/psoc creator/import/gnu/arm/5.4.1/bin/../lib/gcc/arm-none-eabi/5.4.1/armv7-m\libgcc.a(_arm_fixsfsi.o)
                0x00004cf0                __aeabi_f2iz
                0x00004cf0                __fixsfsi
 .text.__errno  0x00004d3c        0xc c:/program files (x86)/cypress/psoc creator/4.4/psoc creator/import/gnu/arm/5.4.1/bin/../lib/gcc/arm-none-eabi/5.4.1/../../../../arm-none-eabi/lib/armv7-m\libg_nano.a(lib_a-errno.o)
                0x00004d3c                __errno
 .text.__libc_init_array
                0x00004d48       0x4c c:/program files (x86)/cypress/psoc creator/4.4/psoc creator/import/gnu/arm/5.4.1/bin/../lib/gcc/arm-none-eabi/5.4.1/../../../../arm-none-eabi/lib/armv7-m\libg_nano.a(lib_a-init.o)
                0x00004d48                __libc_init_array
 .text.malloc   0x00004d94       0x10 c:/program files (x86)/cypress/psoc creator/4.4/psoc creator/import/gnu/arm/5.4.1/bin/../lib/gcc/arm-none-eabi/5.4.1/../../../../arm-none-eabi/lib/armv7-m\libg_nano.a(lib_a-malloc.o)
                0x00004d94                malloc
 .text.free     0x00004da4       0x10 c:/program files (x86)/cypress/psoc creator/4.4/psoc creator/import/gnu/arm/5.4.1/bin/../lib/gcc/arm-none-eabi/5.4.1/../../../../arm-none-eabi/lib/armv7-m\libg_nano.a(lib_a-malloc.o)
                0x00004da4                free
 .text.memcpy   0x00004db4       0x16 c:/program files (x86)/cypress/psoc creator/4.4/psoc creator/import/gnu/arm/5.4.1/bin/../lib/gcc/arm-none-eabi/5.4.1/../../../../arm-none-eabi/lib/armv7-m\libg_nano.a(lib_a-memcpy-stub.o)
                0x00004db4                memcpy
 .text.memset   0x00004dca       0x10 c:/program files (x86)/cypress/psoc creator/4.4/psoc creator/import/gnu/arm/5.4.1/bin/../lib/gcc/arm-none-eabi/5.4.1/../../../../arm-none-eabi/lib/armv7-m\libg_nano.a(lib_a-memset.o)
                0x00004dca                memset
 *fill*         0x00004dda        0x2 
 .text._free_r  0x00004ddc       0x98 c:/program files (x86)/cypress/psoc creator/4.4/psoc creator/import/gnu/arm/5.4.1/bin/../lib/gcc/arm-none-eabi/5.4.1/../../../../arm-none-eabi/lib/armv7-m\libg_nano.a(lib_a-nano-freer.o)
                0x00004ddc                _free_r
 .text._malloc_r
                0x00004e74       0xbc c:/program files (x86)/cypress/psoc creator/4.4/psoc creator/import/gnu/arm/5.4.1/bin/../lib/gcc/arm-none-eabi/5.4.1/../../../../arm-none-eabi/lib/armv7-m\libg_nano.a(lib_a-nano-mallocr.o)
                0x00004e74                _malloc_r
 .text._sbrk_r  0x00004f30       0x20 c:/program files (x86)/cypress/psoc creator/4.4/psoc creator/import/gnu/arm/5.4.1/bin/../lib/gcc/arm-none-eabi/5.4.1/../../../../arm-none-eabi/lib/armv7-m\libg_nano.a(lib_a-sbrkr.o)
                0x00004f30                _sbrk_r
 .text.__malloc_lock
                0x00004f50        0x2 c:/program files (x86)/cypress/psoc creator/4.4/psoc creator/import/gnu/arm/5.4.1/bin/../lib/gcc/arm-none-eabi/5.4.1/../../../../arm-none-eabi/lib/armv7-m\libg_nano.a(lib_a-mlock.o)
                0x00004f50                __malloc_lock
 .text.__malloc_unlock
                0x00004f52        0x2 c:/program files (x86)/cypress/psoc creator/4.4/psoc creator/import/gnu/arm/5.4.1/bin/../lib/gcc/arm-none-eabi/5.4.1/../../../../arm-none-eabi/lib/armv7-m\libg_nano.a(lib_a-mlock.o)
                0x00004f52                __malloc_unlock
 *(.plt)
 *(.gnu.warning)
 *(.glue_7t)
 .glue_7t       0x00004f54        0x0 linker stubs
 *(.glue_7)
 .glue_7        0x00004f54        0x0 linker stubs
 *(.vfp11_veneer)
 .vfp11_veneer  0x00004f54        0x0 linker stubs
 *(.bootloader)
 *(.ARM.extab* .gnu.linkonce.armextab.*)
 *(.gcc_except_table)

.v4_bx          0x00004f54        0x0
 .v4_bx         0x00004f54        0x0 linker stubs

.iplt           0x00004f54        0x0
 .iplt          0x00004f54        0x0 c:/program files (x86)/cypress/psoc creator/4.4/psoc creator/import/gnu/arm/5.4.1/bin/../lib/gcc/arm-none-eabi/5.4.1/armv7-m/crtbegin.o

.eh_frame_hdr
 *(.eh_frame_hdr)

.eh_frame       0x00004f54        0x4
 *(.eh_frame)
 .eh_frame      0x00004f54        0x0 c:/program files (x86)/cypress/psoc creator/4.4/psoc creator/import/gnu/arm/5.4.1/bin/../lib/gcc/arm-none-eabi/5.4.1/armv7-m/crtbegin.o
 .eh_frame      0x00004f54        0x4 c:/program files (x86)/cypress/psoc creator/4.4/psoc creator/import/gnu/arm/5.4.1/bin/../lib/gcc/arm-none-eabi/5.4.1/armv7-m/crtend.o
                [!provide]                PROVIDE (__exidx_start, .)

.ARM.exidx
 *(.ARM.exidx* .gnu.linkonce.armexidx.*)
                0x00004f58                __exidx_end = .

.rodata         0x00004f58    0x20318
 *(.rodata .rodata.* .gnu.linkonce.r.*)
 .rodata        0x00004f58       0x4e .\CortexM3\ARM_GCC_541\Debug\cyfitter_cfg.o
                0x00004f58                ADC_AMux__addrTable
                0x00004f60                ADC_AMux__maskTable
 *fill*         0x00004fa6        0x2 
 .rodata        0x00004fa8      0x44c .\CortexM3\ARM_GCC_541\Debug\Design01.a(WaveDAC8_1.o)
                0x00004fa8                WaveDAC8_1_wave1
                0x00005390                WaveDAC8_1_wave2
 .rodata.realCoefAQ31
                0x000053f4     0x8000 .\fft\libfft_application.a(arm_rfft_init_q31.o)
                0x000053f4                realCoefAQ31
 .rodata.realCoefBQ31
                0x0000d3f4     0x8000 .\fft\libfft_application.a(arm_rfft_init_q31.o)
                0x0000d3f4                realCoefBQ31
 .rodata.arm_cfft_sR_q31_len32
                0x000153f4       0x10 .\fft\libfft_application.a(arm_const_structs.o)
                0x000153f4                arm_cfft_sR_q31_len32
 .rodata.arm_cfft_sR_q31_len512
                0x00015404       0x10 .\fft\libfft_application.a(arm_const_structs.o)
                0x00015404                arm_cfft_sR_q31_len512
 .rodata.arm_cfft_sR_q31_len16
                0x00015414       0x10 .\fft\libfft_application.a(arm_const_structs.o)
                0x00015414                arm_cfft_sR_q31_len16
 .rodata.arm_cfft_sR_q31_len256
                0x00015424       0x10 .\fft\libfft_application.a(arm_const_structs.o)
                0x00015424                arm_cfft_sR_q31_len256
 .rodata.arm_cfft_sR_q31_len1024
                0x00015434       0x10 .\fft\libfft_application.a(arm_const_structs.o)
                0x00015434                arm_cfft_sR_q31_len1024
 .rodata.arm_cfft_sR_q31_len64
                0x00015444       0x10 .\fft\libfft_application.a(arm_const_structs.o)
                0x00015444                arm_cfft_sR_q31_len64
 .rodata.arm_cfft_sR_q31_len128
                0x00015454       0x10 .\fft\libfft_application.a(arm_const_structs.o)
                0x00015454                arm_cfft_sR_q31_len128
 .rodata.arm_cfft_sR_q31_len2048
                0x00015464       0x10 .\fft\libfft_application.a(arm_const_structs.o)
                0x00015464                arm_cfft_sR_q31_len2048
 .rodata.arm_cfft_sR_q31_len4096
                0x00015474       0x10 .\fft\libfft_application.a(arm_const_structs.o)
                0x00015474                arm_cfft_sR_q31_len4096
 .rodata.armBitRevIndexTable_fixed_128
                0x00015484       0xe0 .\fft\libfft_application.a(arm_common_tables.o)
                0x00015484                armBitRevIndexTable_fixed_128
 .rodata.armBitRevIndexTable_fixed_2048
                0x00015564      0xf80 .\fft\libfft_application.a(arm_common_tables.o)
                0x00015564                armBitRevIndexTable_fixed_2048
 .rodata.twiddleCoef_32_q31
                0x000164e4       0xc0 .\fft\libfft_application.a(arm_common_tables.o)
                0x000164e4                twiddleCoef_32_q31
 .rodata.armBitRevIndexTable_fixed_4096
                0x000165a4     0x1f80 .\fft\libfft_application.a(arm_common_tables.o)
                0x000165a4                armBitRevIndexTable_fixed_4096
 .rodata.armBitRevIndexTable_fixed_1024
                0x00018524      0x7c0 .\fft\libfft_application.a(arm_common_tables.o)
                0x00018524                armBitRevIndexTable_fixed_1024
 .rodata.twiddleCoef_1024_q31
                0x00018ce4     0x1800 .\fft\libfft_application.a(arm_common_tables.o)
                0x00018ce4                twiddleCoef_1024_q31
 .rodata.twiddleCoef_4096_q31
                0x0001a4e4     0x6000 .\fft\libfft_application.a(arm_common_tables.o)
                0x0001a4e4                twiddleCoef_4096_q31
 .rodata.twiddleCoef_16_q31
                0x000204e4       0x60 .\fft\libfft_application.a(arm_common_tables.o)
                0x000204e4                twiddleCoef_16_q31
 .rodata.twiddleCoef_64_q31
                0x00020544      0x180 .\fft\libfft_application.a(arm_common_tables.o)
                0x00020544                twiddleCoef_64_q31
 .rodata.twiddleCoef_2048_q31
                0x000206c4     0x3000 .\fft\libfft_application.a(arm_common_tables.o)
                0x000206c4                twiddleCoef_2048_q31
 .rodata.twiddleCoef_256_q31
                0x000236c4      0x600 .\fft\libfft_application.a(arm_common_tables.o)
                0x000236c4                twiddleCoef_256_q31
 .rodata.twiddleCoef_512_q31
                0x00023cc4      0xc00 .\fft\libfft_application.a(arm_common_tables.o)
                0x00023cc4                twiddleCoef_512_q31
 .rodata.armBitRevIndexTable_fixed_512
                0x000248c4      0x3c0 .\fft\libfft_application.a(arm_common_tables.o)
                0x000248c4                armBitRevIndexTable_fixed_512
 .rodata.armBitRevIndexTable_fixed_16
                0x00024c84       0x18 .\fft\libfft_application.a(arm_common_tables.o)
                0x00024c84                armBitRevIndexTable_fixed_16
 .rodata.armBitRevIndexTable_fixed_32
                0x00024c9c       0x30 .\fft\libfft_application.a(arm_common_tables.o)
                0x00024c9c                armBitRevIndexTable_fixed_32
 .rodata.armBitRevIndexTable_fixed_256
                0x00024ccc      0x1e0 .\fft\libfft_application.a(arm_common_tables.o)
                0x00024ccc                armBitRevIndexTable_fixed_256
 .rodata.armBitRevIndexTable_fixed_64
                0x00024eac       0x70 .\fft\libfft_application.a(arm_common_tables.o)
                0x00024eac                armBitRevIndexTable_fixed_64
 .rodata.twiddleCoef_128_q31
                0x00024f1c      0x300 .\fft\libfft_application.a(arm_common_tables.o)
                0x00024f1c                twiddleCoef_128_q31
 .rodata.str1.4
                0x0002521c        0x4 c:/program files (x86)/cypress/psoc creator/4.4/psoc creator/import/gnu/arm/5.4.1/bin/../lib/gcc/arm-none-eabi/5.4.1/../../../../arm-none-eabi/lib/armv7-m\libm.a(lib_a-w_pow.o)
 .rodata.str1.4
                0x00025220        0x5 c:/program files (x86)/cypress/psoc creator/4.4/psoc creator/import/gnu/arm/5.4.1/bin/../lib/gcc/arm-none-eabi/5.4.1/../../../../arm-none-eabi/lib/armv7-m\libm.a(lib_a-w_sqrt.o)
 .rodata.str1.4
                0x00025225        0x8 c:/program files (x86)/cypress/psoc creator/4.4/psoc creator/import/gnu/arm/5.4.1/bin/../lib/gcc/arm-none-eabi/5.4.1/../../../../arm-none-eabi/lib/armv7-m\libm.a(lib_a-e_pow.o)
                                  0x1 (size before relaxing)
 *fill*         0x00025225        0x3 
 .rodata.TWO52  0x00025228       0x10 c:/program files (x86)/cypress/psoc creator/4.4/psoc creator/import/gnu/arm/5.4.1/bin/../lib/gcc/arm-none-eabi/5.4.1/../../../../arm-none-eabi/lib/armv7-m\libm.a(lib_a-s_rint.o)
 .rodata.str1.1
                0x00025238        0x2 c:/program files (x86)/cypress/psoc creator/4.4/psoc creator/import/gnu/arm/5.4.1/bin/../lib/gcc/arm-none-eabi/5.4.1/../../../../arm-none-eabi/lib/armv7-m\libg_nano.a(lib_a-impure.o)
                0x0002523c                . = ALIGN (0x4)
 *fill*         0x0002523a        0x2 
 *(.init)
 .init          0x0002523c        0x4 c:/program files (x86)/cypress/psoc creator/4.4/psoc creator/import/gnu/arm/5.4.1/bin/../lib/gcc/arm-none-eabi/5.4.1/armv7-m/crti.o
                0x0002523c                _init
 .init          0x00025240        0x8 c:/program files (x86)/cypress/psoc creator/4.4/psoc creator/import/gnu/arm/5.4.1/bin/../lib/gcc/arm-none-eabi/5.4.1/armv7-m/crtn.o
                0x00025248                . = ALIGN (0x4)
                0x00025248                __preinit_array_start = .
 *(.preinit_array)
                0x00025248                __preinit_array_end = .
                0x00025248                . = ALIGN (0x4)
                0x00025248                __init_array_start = .
 *(SORT(.init_array.*))
 *(.init_array)
 .init_array    0x00025248        0x4 c:/program files (x86)/cypress/psoc creator/4.4/psoc creator/import/gnu/arm/5.4.1/bin/../lib/gcc/arm-none-eabi/5.4.1/armv7-m/crtbegin.o
 .init_array    0x0002524c        0x4 .\CortexM3\ARM_GCC_541\Debug\Cm3Start.o
                0x00025250                __init_array_end = .
                0x00025250                . = ALIGN (0x4)
 *(.fini)
 .fini          0x00025250        0x4 c:/program files (x86)/cypress/psoc creator/4.4/psoc creator/import/gnu/arm/5.4.1/bin/../lib/gcc/arm-none-eabi/5.4.1/armv7-m/crti.o
                0x00025250                _fini
 .fini          0x00025254        0x8 c:/program files (x86)/cypress/psoc creator/4.4/psoc creator/import/gnu/arm/5.4.1/bin/../lib/gcc/arm-none-eabi/5.4.1/armv7-m/crtn.o
                0x0002525c                . = ALIGN (0x4)
                0x0002525c                __fini_array_start = .
 *(.fini_array)
 .fini_array    0x0002525c        0x4 c:/program files (x86)/cypress/psoc creator/4.4/psoc creator/import/gnu/arm/5.4.1/bin/../lib/gcc/arm-none-eabi/5.4.1/armv7-m/crtbegin.o
 *(SORT(.fini_array.*))
                0x00025260                __fini_array_end = .
                0x00025260                . = ALIGN (0x4)
 *crtbegin.o(.ctors)
 *(EXCLUDE_FILE(*crtend.o) .ctors)
 *(SORT(.ctors.*))
 *crtend.o(.ctors)
                0x00025260                . = ALIGN (0x4)
 *crtbegin.o(.dtors)
 *(EXCLUDE_FILE(*crtend.o) .dtors)
 *(SORT(.dtors.*))
 *crtend.o(.dtors)
                0x00025260                . = ALIGN (0x4)
                0x00025260                __cy_regions = .
                0x00025260        0x4 LONG 0x25270 __cy_region_init_ram
                0x00025264        0x4 LONG 0x1fff80c8 __cy_region_start_data
                0x00025268        0x4 LONG 0x8a0 __cy_region_init_size_ram
                0x0002526c        0x4 LONG 0x8a0 __cy_region_zero_size_ram
                0x00025270                __cy_regions_end = .
                0x00025270                . = ALIGN (0x8)
                0x00025270                _etext = .

.cy_checksum_exclude
                0x00025270        0x0
 *(.cy_checksum_exclude)

.ramvectors     0x1fff8000       0xc0
                0x1fff8000                __cy_region_start_ram = .
 *(.ramvectors)
 .ramvectors    0x1fff8000       0xc0 .\CortexM3\ARM_GCC_541\Debug\Cm3Start.o
                0x1fff8000                CyRamVectors

.noinit         0x1fff80c0        0x1
 *(.noinit)
 .noinit        0x1fff80c0        0x1 .\CortexM3\ARM_GCC_541\Debug\Design01.a(CyLib.o)
                0x1fff80c0                CyResetStatus

.data           0x1fff80c8      0x8a0 load address 0x00025270
                0x1fff80c8                __cy_region_start_data = .
 *(.jcr)
 .jcr           0x1fff80c8        0x0 c:/program files (x86)/cypress/psoc creator/4.4/psoc creator/import/gnu/arm/5.4.1/bin/../lib/gcc/arm-none-eabi/5.4.1/armv7-m/crtbegin.o
 .jcr           0x1fff80c8        0x4 c:/program files (x86)/cypress/psoc creator/4.4/psoc creator/import/gnu/arm/5.4.1/bin/../lib/gcc/arm-none-eabi/5.4.1/armv7-m/crtend.o
 *(.got.plt)
 *(.got)
 *(.shdata)
 *(.data .data.* .gnu.linkonce.d.*)
 .data          0x1fff80cc      0x804 .\CortexM3\ARM_GCC_541\Debug\main.o
                0x1fff80cc                samplesABS
                0x1fff80d0                matlab_datas
 .data          0x1fff88d0        0xc .\CortexM3\ARM_GCC_541\Debug\cfar.o
                0x1fff88d0                N
                0x1fff88d4                NR
                0x1fff88d8                NG
 .data          0x1fff88dc        0x4 .\CortexM3\ARM_GCC_541\Debug\Cm3Start.o
 .data          0x1fff88e0        0x1 .\CortexM3\ARM_GCC_541\Debug\Design01.a(ADC.o)
                0x1fff88e0                ADC_Config
 .data          0x1fff88e1        0x1 .\CortexM3\ARM_GCC_541\Debug\Design01.a(ADC_AMux.o)
 .data          0x1fff88e2        0x1 .\CortexM3\ARM_GCC_541\Debug\Design01.a(WaveDAC8_1_Wave1_DMA_dma.o)
                0x1fff88e2                WaveDAC8_1_Wave1_DMA_DmaHandle
 .data          0x1fff88e3        0x1 .\CortexM3\ARM_GCC_541\Debug\Design01.a(WaveDAC8_1_Wave2_DMA_dma.o)
                0x1fff88e3                WaveDAC8_1_Wave2_DMA_DmaHandle
 .data          0x1fff88e4        0x8 .\CortexM3\ARM_GCC_541\Debug\Design01.a(CyDmac.o)
 .data          0x1fff88ec       0x10 .\CortexM3\ARM_GCC_541\Debug\Design01.a(CyLib.o)
                0x1fff88ec                cydelay_32k_ms
                0x1fff88f0                cydelay_freq_khz
                0x1fff88f4                cydelay_freq_mhz
                0x1fff88f8                cydelay_freq_hz
 .data.__fdlib_version
                0x1fff88fc        0x1 c:/program files (x86)/cypress/psoc creator/4.4/psoc creator/import/gnu/arm/5.4.1/bin/../lib/gcc/arm-none-eabi/5.4.1/../../../../arm-none-eabi/lib/armv7-m\libm.a(lib_a-s_lib_ver.o)
                0x1fff88fc                __fdlib_version
 *fill*         0x1fff88fd        0x3 
 .data.impure_data
                0x1fff8900       0x60 c:/program files (x86)/cypress/psoc creator/4.4/psoc creator/import/gnu/arm/5.4.1/bin/../lib/gcc/arm-none-eabi/5.4.1/../../../../arm-none-eabi/lib/armv7-m\libg_nano.a(lib_a-impure.o)
 .data._impure_ptr
                0x1fff8960        0x4 c:/program files (x86)/cypress/psoc creator/4.4/psoc creator/import/gnu/arm/5.4.1/bin/../lib/gcc/arm-none-eabi/5.4.1/../../../../arm-none-eabi/lib/armv7-m\libg_nano.a(lib_a-impure.o)
                0x1fff8960                _impure_ptr
                0x1fff8968                . = ALIGN (0x8)
 *fill*         0x1fff8964        0x4 
 *(.ram)
                0x1fff8968                _edata = .

.igot.plt       0x1fff8968        0x0 load address 0x00025b10
 .igot.plt      0x1fff8968        0x0 c:/program files (x86)/cypress/psoc creator/4.4/psoc creator/import/gnu/arm/5.4.1/bin/../lib/gcc/arm-none-eabi/5.4.1/armv7-m/crtbegin.o

.bss            0x1fff8968      0x8a0 load address 0x00025b10
                0x1fff8968                PROVIDE (__bss_start__, .)
 *(.shbss)
 *(.bss .bss.* .gnu.linkonce.b.*)
 .bss           0x1fff8968       0x1c c:/program files (x86)/cypress/psoc creator/4.4/psoc creator/import/gnu/arm/5.4.1/bin/../lib/gcc/arm-none-eabi/5.4.1/armv7-m/crtbegin.o
 .bss           0x1fff8984        0x4 .\CortexM3\ARM_GCC_541\Debug\main.o
                0x1fff8984                state
                0x1fff8986                sReceived
                0x1fff8987                oReceived
 .bss           0x1fff8988      0x848 .\CortexM3\ARM_GCC_541\Debug\cfar.o
                0x1fff8988                fifo
                0x1fff89c4                PFA
                0x1fff89c8                alpha
                0x1fff89cc                summe
                0x1fff89d0                threshhold
 .bss           0x1fff91d0        0x2 .\CortexM3\ARM_GCC_541\Debug\Design01.a(UART_1.o)
                0x1fff91d0                UART_1_initVar
 *fill*         0x1fff91d2        0x2 
 .bss           0x1fff91d4       0x18 .\CortexM3\ARM_GCC_541\Debug\Design01.a(ADC.o)
                0x1fff91e4                ADC_stopConversion
                0x1fff91e5                ADC_convDone
                0x1fff91e6                ADC_initVar
                0x1fff91e7                ADC_started
                0x1fff91e8                ADC_Offset
 .bss           0x1fff91ec        0x5 .\CortexM3\ARM_GCC_541\Debug\Design01.a(WaveDAC8_1.o)
                0x1fff91f0                WaveDAC8_1_initVar
 *fill*         0x1fff91f1        0x3 
 .bss.__malloc_sbrk_start
                0x1fff91f4        0x4 c:/program files (x86)/cypress/psoc creator/4.4/psoc creator/import/gnu/arm/5.4.1/bin/../lib/gcc/arm-none-eabi/5.4.1/../../../../arm-none-eabi/lib/armv7-m\libg_nano.a(lib_a-nano-mallocr.o)
                0x1fff91f4                __malloc_sbrk_start
 .bss.__malloc_free_list
                0x1fff91f8        0x4 c:/program files (x86)/cypress/psoc creator/4.4/psoc creator/import/gnu/arm/5.4.1/bin/../lib/gcc/arm-none-eabi/5.4.1/../../../../arm-none-eabi/lib/armv7-m\libg_nano.a(lib_a-nano-mallocr.o)
                0x1fff91f8                __malloc_free_list
 *(COMMON)
 COMMON         0x1fff91fc        0x1 .\CortexM3\ARM_GCC_541\Debug\main.o
                0x1fff91fc                ch
 *fill*         0x1fff91fd        0x3 
 COMMON         0x1fff9200        0x4 .\CortexM3\ARM_GCC_541\Debug\Design01.a(ADC.o)
                0x1fff9200                ADC_CountsPerVolt
 COMMON         0x1fff9204        0x4 c:/program files (x86)/cypress/psoc creator/4.4/psoc creator/import/gnu/arm/5.4.1/bin/../lib/gcc/arm-none-eabi/5.4.1/../../../../arm-none-eabi/lib/armv7-m\libg_nano.a(lib_a-reent.o)
                0x1fff9204                errno
                0x1fff9208                . = ALIGN (0x8)
 *(.ram.b)
                0x1fff9208                _end = .
                0x1fff9208                __end = .
                0x1fff9208                PROVIDE (end, .)
                0x1fff9208                PROVIDE (__bss_end__, .)
                0x00025270                __cy_region_init_ram = LOADADDR (.data)
                0x000008a0                __cy_region_init_size_ram = (_edata - ADDR (.data))
                0x000008a0                __cy_region_zero_size_ram = (_end - _edata)

.heap           0x1fff9208     0x2000 load address 0x00025b10
                0x1fff9208                . = _end
                0x1fffb208                . = (. + 0x2000)
 *fill*         0x1fff9208     0x2000 
                0x1fffb208                __cy_heap_limit = .

.stack          0x20007800      0x800
                0x20007800                __cy_stack_limit = .
                0x20008000                . = (. + 0x800)
 *fill*         0x20007800      0x800 
                0x00000001                ASSERT ((__cy_stack_limit >= __cy_heap_limit), region RAM overflowed with stack)
                0x00000000                cy_checksum_exclude_size = (CY_APPL_LOADABLE == 0x1)?SIZEOF (.cy_checksum_exclude):0x0
                0x00000001                ASSERT ((cy_checksum_exclude_size <= CY_CHECKSUM_EXCLUDE_SIZE), CY_BOOT: Section .cy_checksum_exclude size exceedes specified limit.)

.cyloadermeta
 *(.cyloadermeta)

.cyloadablemeta
 *(.cyloadablemeta)

.cyconfigecc    0x80000000      0x468
 *(.cyconfigecc)
 .cyconfigecc   0x80000000      0x468 .\CortexM3\ARM_GCC_541\Debug\cymetadata.o
                0x80000000                cy_meta_configecc

.cycustnvl      0x90000000        0x4
 *(.cycustnvl)
 .cycustnvl     0x90000000        0x4 .\CortexM3\ARM_GCC_541\Debug\cymetadata.o
                0x90000000                cy_meta_custnvl

.cywolatch      0x90100000        0x4
 *(.cywolatch)
 .cywolatch     0x90100000        0x4 .\CortexM3\ARM_GCC_541\Debug\cymetadata.o
                0x90100000                cy_meta_wonvl

.cyeeprom       0x90200000        0x0
 *(.cyeeprom)
                0x00000001                ASSERT ((. <= ((0x90200000 + ee_offset) + ee_size)), .cyeeprom data will not fit in EEPROM)

.cyflashprotect
                0x90400000      0x100
 *(.cyflashprotect)
 .cyflashprotect
                0x90400000      0x100 .\CortexM3\ARM_GCC_541\Debug\cymetadata.o
                0x90400000                cy_meta_flashprotect

.cymeta         0x90500000        0xc
 *(.cymeta)
 .cymeta        0x90500000        0xc .\CortexM3\ARM_GCC_541\Debug\cymetadata.o
                0x90500000                cy_metadata

.rel.dyn        0x00025b10        0x0 load address 0x9050000c
 .rel.iplt      0x00025b10        0x0 c:/program files (x86)/cypress/psoc creator/4.4/psoc creator/import/gnu/arm/5.4.1/bin/../lib/gcc/arm-none-eabi/5.4.1/armv7-m/crtbegin.o

.stab
 *(.stab)

.stabstr
 *(.stabstr)

.debug
 *(.debug)

.line
 *(.line)

.debug_srcinfo
 *(.debug_srcinfo)

.debug_sfnames
 *(.debug_sfnames)

.debug_aranges  0x00000000      0xe78
 *(.debug_aranges)
 .debug_aranges
                0x00000000       0x30 .\CortexM3\ARM_GCC_541\Debug\main.o
 .debug_aranges
                0x00000030       0x30 .\CortexM3\ARM_GCC_541\Debug\cfar.o
 .debug_aranges
                0x00000060       0x68 .\CortexM3\ARM_GCC_541\Debug\cyfitter_cfg.o
 .debug_aranges
                0x000000c8       0x18 .\CortexM3\ARM_GCC_541\Debug\cymetadata.o
 .debug_aranges
                0x000000e0       0x48 .\CortexM3\ARM_GCC_541\Debug\Cm3Start.o
 .debug_aranges
                0x00000128       0xf0 .\CortexM3\ARM_GCC_541\Debug\Design01.a(UART_1.o)
 .debug_aranges
                0x00000218       0xe8 .\CortexM3\ARM_GCC_541\Debug\Design01.a(ADC.o)
 .debug_aranges
                0x00000300       0x38 .\CortexM3\ARM_GCC_541\Debug\Design01.a(ADC_INT.o)
 .debug_aranges
                0x00000338       0x50 .\CortexM3\ARM_GCC_541\Debug\Design01.a(WaveDAC8_1.o)
 .debug_aranges
                0x00000388       0x70 .\CortexM3\ARM_GCC_541\Debug\Design01.a(UART_1_IntClock.o)
 .debug_aranges
                0x000003f8       0x30 .\CortexM3\ARM_GCC_541\Debug\Design01.a(ADC_AMux.o)
 .debug_aranges
                0x00000428       0x70 .\CortexM3\ARM_GCC_541\Debug\Design01.a(ADC_Ext_CP_Clk.o)
 .debug_aranges
                0x00000498       0x80 .\CortexM3\ARM_GCC_541\Debug\Design01.a(ADC_theACLK.o)
 .debug_aranges
                0x00000518       0x70 .\CortexM3\ARM_GCC_541\Debug\Design01.a(WaveDAC8_1_DacClk.o)
 .debug_aranges
                0x00000588       0x28 .\CortexM3\ARM_GCC_541\Debug\Design01.a(WaveDAC8_1_Wave1_DMA_dma.o)
 .debug_aranges
                0x000005b0       0x28 .\CortexM3\ARM_GCC_541\Debug\Design01.a(WaveDAC8_1_Wave2_DMA_dma.o)
 .debug_aranges
                0x000005d8       0x58 .\CortexM3\ARM_GCC_541\Debug\Design01.a(WaveDAC8_1_VDAC8.o)
 .debug_aranges
                0x00000630       0xd8 .\CortexM3\ARM_GCC_541\Debug\Design01.a(CyDmac.o)
 .debug_aranges
                0x00000708      0x2a0 .\CortexM3\ARM_GCC_541\Debug\Design01.a(CyLib.o)
 .debug_aranges
                0x000009a8       0x98 .\CortexM3\ARM_GCC_541\Debug\Design01.a(cyPm.o)
 .debug_aranges
                0x00000a40       0x80 .\CortexM3\ARM_GCC_541\Debug\Design01.a(isr_button.o)
 .debug_aranges
                0x00000ac0       0x48 .\CortexM3\ARM_GCC_541\Debug\Design01.a(Pin_SW.o)
 .debug_aranges
                0x00000b08       0x80 .\CortexM3\ARM_GCC_541\Debug\Design01.a(uart_interrupt.o)
 .debug_aranges
                0x00000b88       0x38 .\CortexM3\ARM_GCC_541\Debug\Design01.a(LED_RED.o)
 .debug_aranges
                0x00000bc0       0x38 .\CortexM3\ARM_GCC_541\Debug\Design01.a(LED_Green.o)
 .debug_aranges
                0x00000bf8       0x38 .\CortexM3\ARM_GCC_541\Debug\Design01.a(LED_YELLOW.o)
 .debug_aranges
                0x00000c30       0x20 .\CortexM3\ARM_GCC_541\Debug\Design01.a(CyBootAsmGnu.o)
 .debug_aranges
                0x00000c50       0x88 .\CortexM3\ARM_GCC_541\Debug\Design01.a(CyFlash.o)
 .debug_aranges
                0x00000cd8       0x80 .\CortexM3\ARM_GCC_541\Debug\Design01.a(CySpc.o)
 .debug_aranges
                0x00000d58       0x20 .\fft\libfft_application.a(fft_application.o)
 .debug_aranges
                0x00000d78       0x30 .\fft\libfft_application.a(arm_rfft_q31.o)
 .debug_aranges
                0x00000da8       0x20 .\fft\libfft_application.a(arm_rfft_init_q31.o)
 .debug_aranges
                0x00000dc8       0x30 .\fft\libfft_application.a(arm_cfft_q31.o)
 .debug_aranges
                0x00000df8       0x30 .\fft\libfft_application.a(arm_cfft_radix4_q31.o)
 .debug_aranges
                0x00000e28       0x18 .\fft\libfft_application.a(arm_const_structs.o)
 .debug_aranges
                0x00000e40       0x20 .\fft\libfft_application.a(arm_bitreversal2.o)
 .debug_aranges
                0x00000e60       0x18 .\fft\libfft_application.a(arm_common_tables.o)

.debug_pubnames
 *(.debug_pubnames)

.debug_info     0x00000000     0xab53
 *(.debug_info .gnu.linkonce.wi.*)
 .debug_info    0x00000000      0x650 .\CortexM3\ARM_GCC_541\Debug\main.o
 .debug_info    0x00000650      0x30a .\CortexM3\ARM_GCC_541\Debug\cfar.o
 .debug_info    0x0000095a      0x6a0 .\CortexM3\ARM_GCC_541\Debug\cyfitter_cfg.o
 .debug_info    0x00000ffa      0x136 .\CortexM3\ARM_GCC_541\Debug\cymetadata.o
 .debug_info    0x00001130      0x3cf .\CortexM3\ARM_GCC_541\Debug\Cm3Start.o
 .debug_info    0x000014ff      0x60c .\CortexM3\ARM_GCC_541\Debug\Design01.a(UART_1.o)
 .debug_info    0x00001b0b      0xbed .\CortexM3\ARM_GCC_541\Debug\Design01.a(ADC.o)
 .debug_info    0x000026f8       0xd3 .\CortexM3\ARM_GCC_541\Debug\Design01.a(ADC_INT.o)
 .debug_info    0x000027cb      0x519 .\CortexM3\ARM_GCC_541\Debug\Design01.a(WaveDAC8_1.o)
 .debug_info    0x00002ce4      0x283 .\CortexM3\ARM_GCC_541\Debug\Design01.a(UART_1_IntClock.o)
 .debug_info    0x00002f67      0x165 .\CortexM3\ARM_GCC_541\Debug\Design01.a(ADC_AMux.o)
 .debug_info    0x000030cc      0x283 .\CortexM3\ARM_GCC_541\Debug\Design01.a(ADC_Ext_CP_Clk.o)
 .debug_info    0x0000334f      0x2c4 .\CortexM3\ARM_GCC_541\Debug\Design01.a(ADC_theACLK.o)
 .debug_info    0x00003613      0x283 .\CortexM3\ARM_GCC_541\Debug\Design01.a(WaveDAC8_1_DacClk.o)
 .debug_info    0x00003896      0x1aa .\CortexM3\ARM_GCC_541\Debug\Design01.a(WaveDAC8_1_Wave1_DMA_dma.o)
 .debug_info    0x00003a40      0x1a7 .\CortexM3\ARM_GCC_541\Debug\Design01.a(WaveDAC8_1_Wave2_DMA_dma.o)
 .debug_info    0x00003be7      0x1de .\CortexM3\ARM_GCC_541\Debug\Design01.a(WaveDAC8_1_VDAC8.o)
 .debug_info    0x00003dc5      0x94e .\CortexM3\ARM_GCC_541\Debug\Design01.a(CyDmac.o)
 .debug_info    0x00004713     0x1374 .\CortexM3\ARM_GCC_541\Debug\Design01.a(CyLib.o)
 .debug_info    0x00005a87      0xa2a .\CortexM3\ARM_GCC_541\Debug\Design01.a(cyPm.o)
 .debug_info    0x000064b1      0x2d2 .\CortexM3\ARM_GCC_541\Debug\Design01.a(isr_button.o)
 .debug_info    0x00006783      0x174 .\CortexM3\ARM_GCC_541\Debug\Design01.a(Pin_SW.o)
 .debug_info    0x000068f7      0x2d2 .\CortexM3\ARM_GCC_541\Debug\Design01.a(uart_interrupt.o)
 .debug_info    0x00006bc9      0x11f .\CortexM3\ARM_GCC_541\Debug\Design01.a(LED_RED.o)
 .debug_info    0x00006ce8      0x11f .\CortexM3\ARM_GCC_541\Debug\Design01.a(LED_Green.o)
 .debug_info    0x00006e07      0x11f .\CortexM3\ARM_GCC_541\Debug\Design01.a(LED_YELLOW.o)
 .debug_info    0x00006f26       0xa2 .\CortexM3\ARM_GCC_541\Debug\Design01.a(CyBootAsmGnu.o)
 .debug_info    0x00006fc8      0x64d .\CortexM3\ARM_GCC_541\Debug\Design01.a(CyFlash.o)
 .debug_info    0x00007615      0x550 .\CortexM3\ARM_GCC_541\Debug\Design01.a(CySpc.o)
 .debug_info    0x00007b65      0x36c .\fft\libfft_application.a(fft_application.o)
 .debug_info    0x00007ed1      0x4f7 .\fft\libfft_application.a(arm_rfft_q31.o)
 .debug_info    0x000083c8      0x327 .\fft\libfft_application.a(arm_rfft_init_q31.o)
 .debug_info    0x000086ef      0x4a3 .\fft\libfft_application.a(arm_cfft_q31.o)
 .debug_info    0x00008b92      0x815 .\fft\libfft_application.a(arm_cfft_radix4_q31.o)
 .debug_info    0x000093a7      0xd8a .\fft\libfft_application.a(arm_const_structs.o)
 .debug_info    0x0000a131       0xac .\fft\libfft_application.a(arm_bitreversal2.o)
 .debug_info    0x0000a1dd      0x976 .\fft\libfft_application.a(arm_common_tables.o)

.debug_abbrev   0x00000000     0x294d
 *(.debug_abbrev)
 .debug_abbrev  0x00000000      0x143 .\CortexM3\ARM_GCC_541\Debug\main.o
 .debug_abbrev  0x00000143      0x141 .\CortexM3\ARM_GCC_541\Debug\cfar.o
 .debug_abbrev  0x00000284      0x22d .\CortexM3\ARM_GCC_541\Debug\cyfitter_cfg.o
 .debug_abbrev  0x000004b1       0x77 .\CortexM3\ARM_GCC_541\Debug\cymetadata.o
 .debug_abbrev  0x00000528      0x1e8 .\CortexM3\ARM_GCC_541\Debug\Cm3Start.o
 .debug_abbrev  0x00000710      0x175 .\CortexM3\ARM_GCC_541\Debug\Design01.a(UART_1.o)
 .debug_abbrev  0x00000885      0x1eb .\CortexM3\ARM_GCC_541\Debug\Design01.a(ADC.o)
 .debug_abbrev  0x00000a70       0x42 .\CortexM3\ARM_GCC_541\Debug\Design01.a(ADC_INT.o)
 .debug_abbrev  0x00000ab2      0x114 .\CortexM3\ARM_GCC_541\Debug\Design01.a(WaveDAC8_1.o)
 .debug_abbrev  0x00000bc6      0x139 .\CortexM3\ARM_GCC_541\Debug\Design01.a(UART_1_IntClock.o)
 .debug_abbrev  0x00000cff       0xb1 .\CortexM3\ARM_GCC_541\Debug\Design01.a(ADC_AMux.o)
 .debug_abbrev  0x00000db0      0x139 .\CortexM3\ARM_GCC_541\Debug\Design01.a(ADC_Ext_CP_Clk.o)
 .debug_abbrev  0x00000ee9      0x121 .\CortexM3\ARM_GCC_541\Debug\Design01.a(ADC_theACLK.o)
 .debug_abbrev  0x0000100a      0x139 .\CortexM3\ARM_GCC_541\Debug\Design01.a(WaveDAC8_1_DacClk.o)
 .debug_abbrev  0x00001143       0xcd .\CortexM3\ARM_GCC_541\Debug\Design01.a(WaveDAC8_1_Wave1_DMA_dma.o)
 .debug_abbrev  0x00001210       0xcd .\CortexM3\ARM_GCC_541\Debug\Design01.a(WaveDAC8_1_Wave2_DMA_dma.o)
 .debug_abbrev  0x000012dd       0xf7 .\CortexM3\ARM_GCC_541\Debug\Design01.a(WaveDAC8_1_VDAC8.o)
 .debug_abbrev  0x000013d4      0x1b2 .\CortexM3\ARM_GCC_541\Debug\Design01.a(CyDmac.o)
 .debug_abbrev  0x00001586      0x254 .\CortexM3\ARM_GCC_541\Debug\Design01.a(CyLib.o)
 .debug_abbrev  0x000017da      0x1ab .\CortexM3\ARM_GCC_541\Debug\Design01.a(cyPm.o)
 .debug_abbrev  0x00001985      0x173 .\CortexM3\ARM_GCC_541\Debug\Design01.a(isr_button.o)
 .debug_abbrev  0x00001af8       0x90 .\CortexM3\ARM_GCC_541\Debug\Design01.a(Pin_SW.o)
 .debug_abbrev  0x00001b88      0x173 .\CortexM3\ARM_GCC_541\Debug\Design01.a(uart_interrupt.o)
 .debug_abbrev  0x00001cfb       0x90 .\CortexM3\ARM_GCC_541\Debug\Design01.a(LED_RED.o)
 .debug_abbrev  0x00001d8b       0x90 .\CortexM3\ARM_GCC_541\Debug\Design01.a(LED_Green.o)
 .debug_abbrev  0x00001e1b       0x90 .\CortexM3\ARM_GCC_541\Debug\Design01.a(LED_YELLOW.o)
 .debug_abbrev  0x00001eab       0x14 .\CortexM3\ARM_GCC_541\Debug\Design01.a(CyBootAsmGnu.o)
 .debug_abbrev  0x00001ebf      0x1a7 .\CortexM3\ARM_GCC_541\Debug\Design01.a(CyFlash.o)
 .debug_abbrev  0x00002066      0x194 .\CortexM3\ARM_GCC_541\Debug\Design01.a(CySpc.o)
 .debug_abbrev  0x000021fa      0x15d .\fft\libfft_application.a(fft_application.o)
 .debug_abbrev  0x00002357      0x128 .\fft\libfft_application.a(arm_rfft_q31.o)
 .debug_abbrev  0x0000247f      0x12e .\fft\libfft_application.a(arm_rfft_init_q31.o)
 .debug_abbrev  0x000025ad       0xfb .\fft\libfft_application.a(arm_cfft_q31.o)
 .debug_abbrev  0x000026a8      0x142 .\fft\libfft_application.a(arm_cfft_radix4_q31.o)
 .debug_abbrev  0x000027ea       0xcb .\fft\libfft_application.a(arm_const_structs.o)
 .debug_abbrev  0x000028b5       0x14 .\fft\libfft_application.a(arm_bitreversal2.o)
 .debug_abbrev  0x000028c9       0x84 .\fft\libfft_application.a(arm_common_tables.o)

.debug_line     0x00000000     0x483b
 *(.debug_line)
 .debug_line    0x00000000      0x2a7 .\CortexM3\ARM_GCC_541\Debug\main.o
 .debug_line    0x000002a7      0x274 .\CortexM3\ARM_GCC_541\Debug\cfar.o
 .debug_line    0x0000051b      0x225 .\CortexM3\ARM_GCC_541\Debug\cyfitter_cfg.o
 .debug_line    0x00000740      0x141 .\CortexM3\ARM_GCC_541\Debug\cymetadata.o
 .debug_line    0x00000881      0x241 .\CortexM3\ARM_GCC_541\Debug\Cm3Start.o
 .debug_line    0x00000ac2      0x2c0 .\CortexM3\ARM_GCC_541\Debug\Design01.a(UART_1.o)
 .debug_line    0x00000d82      0x3c1 .\CortexM3\ARM_GCC_541\Debug\Design01.a(ADC.o)
 .debug_line    0x00001143       0x80 .\CortexM3\ARM_GCC_541\Debug\Design01.a(ADC_INT.o)
 .debug_line    0x000011c3      0x160 .\CortexM3\ARM_GCC_541\Debug\Design01.a(WaveDAC8_1.o)
 .debug_line    0x00001323      0x17e .\CortexM3\ARM_GCC_541\Debug\Design01.a(UART_1_IntClock.o)
 .debug_line    0x000014a1       0xac .\CortexM3\ARM_GCC_541\Debug\Design01.a(ADC_AMux.o)
 .debug_line    0x0000154d      0x17d .\CortexM3\ARM_GCC_541\Debug\Design01.a(ADC_Ext_CP_Clk.o)
 .debug_line    0x000016ca      0x19d .\CortexM3\ARM_GCC_541\Debug\Design01.a(ADC_theACLK.o)
 .debug_line    0x00001867      0x180 .\CortexM3\ARM_GCC_541\Debug\Design01.a(WaveDAC8_1_DacClk.o)
 .debug_line    0x000019e7       0x91 .\CortexM3\ARM_GCC_541\Debug\Design01.a(WaveDAC8_1_Wave1_DMA_dma.o)
 .debug_line    0x00001a78       0x91 .\CortexM3\ARM_GCC_541\Debug\Design01.a(WaveDAC8_1_Wave2_DMA_dma.o)
 .debug_line    0x00001b09       0xec .\CortexM3\ARM_GCC_541\Debug\Design01.a(WaveDAC8_1_VDAC8.o)
 .debug_line    0x00001bf5      0x2e4 .\CortexM3\ARM_GCC_541\Debug\Design01.a(CyDmac.o)
 .debug_line    0x00001ed9      0x816 .\CortexM3\ARM_GCC_541\Debug\Design01.a(CyLib.o)
 .debug_line    0x000026ef      0x367 .\CortexM3\ARM_GCC_541\Debug\Design01.a(cyPm.o)
 .debug_line    0x00002a56      0x137 .\CortexM3\ARM_GCC_541\Debug\Design01.a(isr_button.o)
 .debug_line    0x00002b8d       0xb7 .\CortexM3\ARM_GCC_541\Debug\Design01.a(Pin_SW.o)
 .debug_line    0x00002c44      0x13b .\CortexM3\ARM_GCC_541\Debug\Design01.a(uart_interrupt.o)
 .debug_line    0x00002d7f       0x94 .\CortexM3\ARM_GCC_541\Debug\Design01.a(LED_RED.o)
 .debug_line    0x00002e13       0x96 .\CortexM3\ARM_GCC_541\Debug\Design01.a(LED_Green.o)
 .debug_line    0x00002ea9       0x97 .\CortexM3\ARM_GCC_541\Debug\Design01.a(LED_YELLOW.o)
 .debug_line    0x00002f40       0x66 .\CortexM3\ARM_GCC_541\Debug\Design01.a(CyBootAsmGnu.o)
 .debug_line    0x00002fa6      0x21a .\CortexM3\ARM_GCC_541\Debug\Design01.a(CyFlash.o)
 .debug_line    0x000031c0      0x260 .\CortexM3\ARM_GCC_541\Debug\Design01.a(CySpc.o)
 .debug_line    0x00003420      0x22f .\fft\libfft_application.a(fft_application.o)
 .debug_line    0x0000364f      0x1ff .\fft\libfft_application.a(arm_rfft_q31.o)
 .debug_line    0x0000384e      0x1dd .\fft\libfft_application.a(arm_rfft_init_q31.o)
 .debug_line    0x00003a2b      0x2f5 .\fft\libfft_application.a(arm_cfft_q31.o)
 .debug_line    0x00003d20      0x792 .\fft\libfft_application.a(arm_cfft_radix4_q31.o)
 .debug_line    0x000044b2      0x17c .\fft\libfft_application.a(arm_const_structs.o)
 .debug_line    0x0000462e       0xa8 .\fft\libfft_application.a(arm_bitreversal2.o)
 .debug_line    0x000046d6      0x165 .\fft\libfft_application.a(arm_common_tables.o)

.debug_frame    0x00000000     0x2644
 *(.debug_frame)
 .debug_frame   0x00000000       0x70 .\CortexM3\ARM_GCC_541\Debug\main.o
 .debug_frame   0x00000070       0x84 .\CortexM3\ARM_GCC_541\Debug\cfar.o
 .debug_frame   0x000000f4      0x104 .\CortexM3\ARM_GCC_541\Debug\cyfitter_cfg.o
 .debug_frame   0x000001f8       0xb8 .\CortexM3\ARM_GCC_541\Debug\Cm3Start.o
 .debug_frame   0x000002b0      0x250 .\CortexM3\ARM_GCC_541\Debug\Design01.a(UART_1.o)
 .debug_frame   0x00000500      0x284 .\CortexM3\ARM_GCC_541\Debug\Design01.a(ADC.o)
 .debug_frame   0x00000784       0x50 .\CortexM3\ARM_GCC_541\Debug\Design01.a(ADC_INT.o)
 .debug_frame   0x000007d4       0xe0 .\CortexM3\ARM_GCC_541\Debug\Design01.a(WaveDAC8_1.o)
 .debug_frame   0x000008b4       0xe0 .\CortexM3\ARM_GCC_541\Debug\Design01.a(UART_1_IntClock.o)
 .debug_frame   0x00000994       0x64 .\CortexM3\ARM_GCC_541\Debug\Design01.a(ADC_AMux.o)
 .debug_frame   0x000009f8       0xe0 .\CortexM3\ARM_GCC_541\Debug\Design01.a(ADC_Ext_CP_Clk.o)
 .debug_frame   0x00000ad8      0x100 .\CortexM3\ARM_GCC_541\Debug\Design01.a(ADC_theACLK.o)
 .debug_frame   0x00000bd8       0xe0 .\CortexM3\ARM_GCC_541\Debug\Design01.a(WaveDAC8_1_DacClk.o)
 .debug_frame   0x00000cb8       0x54 .\CortexM3\ARM_GCC_541\Debug\Design01.a(WaveDAC8_1_Wave1_DMA_dma.o)
 .debug_frame   0x00000d0c       0x54 .\CortexM3\ARM_GCC_541\Debug\Design01.a(WaveDAC8_1_Wave2_DMA_dma.o)
 .debug_frame   0x00000d60       0xb4 .\CortexM3\ARM_GCC_541\Debug\Design01.a(WaveDAC8_1_VDAC8.o)
 .debug_frame   0x00000e14      0x1f8 .\CortexM3\ARM_GCC_541\Debug\Design01.a(CyDmac.o)
 .debug_frame   0x0000100c      0x738 .\CortexM3\ARM_GCC_541\Debug\Design01.a(CyLib.o)
 .debug_frame   0x00001744      0x1f8 .\CortexM3\ARM_GCC_541\Debug\Design01.a(cyPm.o)
 .debug_frame   0x0000193c      0x104 .\CortexM3\ARM_GCC_541\Debug\Design01.a(isr_button.o)
 .debug_frame   0x00001a40       0x70 .\CortexM3\ARM_GCC_541\Debug\Design01.a(Pin_SW.o)
 .debug_frame   0x00001ab0      0x104 .\CortexM3\ARM_GCC_541\Debug\Design01.a(uart_interrupt.o)
 .debug_frame   0x00001bb4       0x50 .\CortexM3\ARM_GCC_541\Debug\Design01.a(LED_RED.o)
 .debug_frame   0x00001c04       0x50 .\CortexM3\ARM_GCC_541\Debug\Design01.a(LED_Green.o)
 .debug_frame   0x00001c54       0x50 .\CortexM3\ARM_GCC_541\Debug\Design01.a(LED_YELLOW.o)
 .debug_frame   0x00001ca4      0x194 .\CortexM3\ARM_GCC_541\Debug\Design01.a(CyFlash.o)
 .debug_frame   0x00001e38      0x180 .\CortexM3\ARM_GCC_541\Debug\Design01.a(CySpc.o)
 .debug_frame   0x00001fb8       0x38 .\fft\libfft_application.a(fft_application.o)
 .debug_frame   0x00001ff0       0xac .\fft\libfft_application.a(arm_rfft_q31.o)
 .debug_frame   0x0000209c       0x2c .\fft\libfft_application.a(arm_rfft_init_q31.o)
 .debug_frame   0x000020c8       0xa0 .\fft\libfft_application.a(arm_cfft_q31.o)
 .debug_frame   0x00002168       0xa0 .\fft\libfft_application.a(arm_cfft_radix4_q31.o)
 .debug_frame   0x00002208       0x4c c:/program files (x86)/cypress/psoc creator/4.4/psoc creator/import/gnu/arm/5.4.1/bin/../lib/gcc/arm-none-eabi/5.4.1/../../../../arm-none-eabi/lib/armv7-m\libm.a(lib_a-w_pow.o)
 .debug_frame   0x00002254       0x44 c:/program files (x86)/cypress/psoc creator/4.4/psoc creator/import/gnu/arm/5.4.1/bin/../lib/gcc/arm-none-eabi/5.4.1/../../../../arm-none-eabi/lib/armv7-m\libm.a(lib_a-w_sqrt.o)
 .debug_frame   0x00002298       0x68 c:/program files (x86)/cypress/psoc creator/4.4/psoc creator/import/gnu/arm/5.4.1/bin/../lib/gcc/arm-none-eabi/5.4.1/../../../../arm-none-eabi/lib/armv7-m\libm.a(lib_a-e_pow.o)
 .debug_frame   0x00002300       0x30 c:/program files (x86)/cypress/psoc creator/4.4/psoc creator/import/gnu/arm/5.4.1/bin/../lib/gcc/arm-none-eabi/5.4.1/../../../../arm-none-eabi/lib/armv7-m\libm.a(lib_a-e_sqrt.o)
 .debug_frame   0x00002330       0x20 c:/program files (x86)/cypress/psoc creator/4.4/psoc creator/import/gnu/arm/5.4.1/bin/../lib/gcc/arm-none-eabi/5.4.1/../../../../arm-none-eabi/lib/armv7-m\libm.a(lib_a-s_fabs.o)
 .debug_frame   0x00002350       0x20 c:/program files (x86)/cypress/psoc creator/4.4/psoc creator/import/gnu/arm/5.4.1/bin/../lib/gcc/arm-none-eabi/5.4.1/../../../../arm-none-eabi/lib/armv7-m\libm.a(lib_a-s_finite.o)
 .debug_frame   0x00002370       0x20 c:/program files (x86)/cypress/psoc creator/4.4/psoc creator/import/gnu/arm/5.4.1/bin/../lib/gcc/arm-none-eabi/5.4.1/../../../../arm-none-eabi/lib/armv7-m\libm.a(lib_a-s_matherr.o)
 .debug_frame   0x00002390       0x20 c:/program files (x86)/cypress/psoc creator/4.4/psoc creator/import/gnu/arm/5.4.1/bin/../lib/gcc/arm-none-eabi/5.4.1/../../../../arm-none-eabi/lib/armv7-m\libm.a(lib_a-s_nan.o)
 .debug_frame   0x000023b0       0x3c c:/program files (x86)/cypress/psoc creator/4.4/psoc creator/import/gnu/arm/5.4.1/bin/../lib/gcc/arm-none-eabi/5.4.1/../../../../arm-none-eabi/lib/armv7-m\libm.a(lib_a-s_rint.o)
 .debug_frame   0x000023ec       0x30 c:/program files (x86)/cypress/psoc creator/4.4/psoc creator/import/gnu/arm/5.4.1/bin/../lib/gcc/arm-none-eabi/5.4.1/../../../../arm-none-eabi/lib/armv7-m\libm.a(lib_a-s_scalbn.o)
 .debug_frame   0x0000241c       0x20 c:/program files (x86)/cypress/psoc creator/4.4/psoc creator/import/gnu/arm/5.4.1/bin/../lib/gcc/arm-none-eabi/5.4.1/../../../../arm-none-eabi/lib/armv7-m\libm.a(lib_a-s_copysign.o)
 .debug_frame   0x0000243c       0x20 c:/program files (x86)/cypress/psoc creator/4.4/psoc creator/import/gnu/arm/5.4.1/bin/../lib/gcc/arm-none-eabi/5.4.1/../../../../arm-none-eabi/lib/armv7-m\libg_nano.a(lib_a-errno.o)
 .debug_frame   0x0000245c       0x28 c:/program files (x86)/cypress/psoc creator/4.4/psoc creator/import/gnu/arm/5.4.1/bin/../lib/gcc/arm-none-eabi/5.4.1/../../../../arm-none-eabi/lib/armv7-m\libg_nano.a(lib_a-exit.o)
 .debug_frame   0x00002484       0x2c c:/program files (x86)/cypress/psoc creator/4.4/psoc creator/import/gnu/arm/5.4.1/bin/../lib/gcc/arm-none-eabi/5.4.1/../../../../arm-none-eabi/lib/armv7-m\libg_nano.a(lib_a-init.o)
 .debug_frame   0x000024b0       0x30 c:/program files (x86)/cypress/psoc creator/4.4/psoc creator/import/gnu/arm/5.4.1/bin/../lib/gcc/arm-none-eabi/5.4.1/../../../../arm-none-eabi/lib/armv7-m\libg_nano.a(lib_a-malloc.o)
 .debug_frame   0x000024e0       0x28 c:/program files (x86)/cypress/psoc creator/4.4/psoc creator/import/gnu/arm/5.4.1/bin/../lib/gcc/arm-none-eabi/5.4.1/../../../../arm-none-eabi/lib/armv7-m\libg_nano.a(lib_a-memcpy-stub.o)
 .debug_frame   0x00002508       0x20 c:/program files (x86)/cypress/psoc creator/4.4/psoc creator/import/gnu/arm/5.4.1/bin/../lib/gcc/arm-none-eabi/5.4.1/../../../../arm-none-eabi/lib/armv7-m\libg_nano.a(lib_a-memset.o)
 .debug_frame   0x00002528       0x38 c:/program files (x86)/cypress/psoc creator/4.4/psoc creator/import/gnu/arm/5.4.1/bin/../lib/gcc/arm-none-eabi/5.4.1/../../../../arm-none-eabi/lib/armv7-m\libg_nano.a(lib_a-nano-freer.o)
 .debug_frame   0x00002560       0x2c c:/program files (x86)/cypress/psoc creator/4.4/psoc creator/import/gnu/arm/5.4.1/bin/../lib/gcc/arm-none-eabi/5.4.1/../../../../arm-none-eabi/lib/armv7-m\libg_nano.a(lib_a-nano-mallocr.o)
 .debug_frame   0x0000258c       0x2c c:/program files (x86)/cypress/psoc creator/4.4/psoc creator/import/gnu/arm/5.4.1/bin/../lib/gcc/arm-none-eabi/5.4.1/../../../../arm-none-eabi/lib/armv7-m\libg_nano.a(lib_a-sbrkr.o)
 .debug_frame   0x000025b8       0x30 c:/program files (x86)/cypress/psoc creator/4.4/psoc creator/import/gnu/arm/5.4.1/bin/../lib/gcc/arm-none-eabi/5.4.1/../../../../arm-none-eabi/lib/armv7-m\libg_nano.a(lib_a-mlock.o)
 .debug_frame   0x000025e8       0x5c c:/program files (x86)/cypress/psoc creator/4.4/psoc creator/import/gnu/arm/5.4.1/bin/../lib/gcc/arm-none-eabi/5.4.1/../../../../arm-none-eabi/lib/armv7-m\libg_nano.a(lib_a-reent.o)

.debug_str      0x00000000     0x3d4f
 *(.debug_str)
 .debug_str     0x00000000      0x37a .\CortexM3\ARM_GCC_541\Debug\main.o
                                0x3f0 (size before relaxing)
 .debug_str     0x0000037a       0x3d .\CortexM3\ARM_GCC_541\Debug\cfar.o
                                0x24a (size before relaxing)
 .debug_str     0x000003b7      0x1f4 .\CortexM3\ARM_GCC_541\Debug\cyfitter_cfg.o
                                0x3a2 (size before relaxing)
 .debug_str     0x000005ab       0x75 .\CortexM3\ARM_GCC_541\Debug\cymetadata.o
                                0x1f6 (size before relaxing)
 .debug_str     0x00000620      0x154 .\CortexM3\ARM_GCC_541\Debug\Cm3Start.o
                                0x32c (size before relaxing)
 .debug_str     0x00000774      0x2e7 .\CortexM3\ARM_GCC_541\Debug\Design01.a(UART_1.o)
                                0x4c5 (size before relaxing)
 .debug_str     0x00000a5b      0x348 .\CortexM3\ARM_GCC_541\Debug\Design01.a(ADC.o)
                                0x5db (size before relaxing)
 .debug_str     0x00000da3       0x45 .\CortexM3\ARM_GCC_541\Debug\Design01.a(ADC_INT.o)
                                0x1d2 (size before relaxing)
 .debug_str     0x00000de8      0x2c9 .\CortexM3\ARM_GCC_541\Debug\Design01.a(WaveDAC8_1.o)
                                0x47b (size before relaxing)
 .debug_str     0x000010b1      0x18f .\CortexM3\ARM_GCC_541\Debug\Design01.a(UART_1_IntClock.o)
                                0x360 (size before relaxing)
 .debug_str     0x00001240       0x5f .\CortexM3\ARM_GCC_541\Debug\Design01.a(ADC_AMux.o)
                                0x211 (size before relaxing)
 .debug_str     0x0000129f      0x12a .\CortexM3\ARM_GCC_541\Debug\Design01.a(ADC_Ext_CP_Clk.o)
                                0x354 (size before relaxing)
 .debug_str     0x000013c9      0x14f .\CortexM3\ARM_GCC_541\Debug\Design01.a(ADC_theACLK.o)
                                0x373 (size before relaxing)
 .debug_str     0x00001518      0x160 .\CortexM3\ARM_GCC_541\Debug\Design01.a(WaveDAC8_1_DacClk.o)
                                0x378 (size before relaxing)
 .debug_str     0x00001678       0xee .\CortexM3\ARM_GCC_541\Debug\Design01.a(WaveDAC8_1_Wave1_DMA_dma.o)
                                0x2ba (size before relaxing)
 .debug_str     0x00001766       0x71 .\CortexM3\ARM_GCC_541\Debug\Design01.a(WaveDAC8_1_Wave2_DMA_dma.o)
                                0x2ba (size before relaxing)
 .debug_str     0x000017d7       0x84 .\CortexM3\ARM_GCC_541\Debug\Design01.a(WaveDAC8_1_VDAC8.o)
                                0x29f (size before relaxing)
 .debug_str     0x0000185b      0x2aa .\CortexM3\ARM_GCC_541\Debug\Design01.a(CyDmac.o)
                                0x55c (size before relaxing)
 .debug_str     0x00001b05      0x7c0 .\CortexM3\ARM_GCC_541\Debug\Design01.a(CyLib.o)
                                0xa59 (size before relaxing)
 .debug_str     0x000022c5      0x365 .\CortexM3\ARM_GCC_541\Debug\Design01.a(cyPm.o)
                                0x745 (size before relaxing)
 .debug_str     0x0000262a      0x119 .\CortexM3\ARM_GCC_541\Debug\Design01.a(isr_button.o)
                                0x2fe (size before relaxing)
 .debug_str     0x00002743       0x8c .\CortexM3\ARM_GCC_541\Debug\Design01.a(Pin_SW.o)
                                0x237 (size before relaxing)
 .debug_str     0x000027cf      0x14d .\CortexM3\ARM_GCC_541\Debug\Design01.a(uart_interrupt.o)
                                0x336 (size before relaxing)
 .debug_str     0x0000291c       0x57 .\CortexM3\ARM_GCC_541\Debug\Design01.a(LED_RED.o)
                                0x1fe (size before relaxing)
 .debug_str     0x00002973       0x5f .\CortexM3\ARM_GCC_541\Debug\Design01.a(LED_Green.o)
                                0x208 (size before relaxing)
 .debug_str     0x000029d2       0x63 .\CortexM3\ARM_GCC_541\Debug\Design01.a(LED_YELLOW.o)
                                0x20d (size before relaxing)
 .debug_str     0x00002a35      0x1b4 .\CortexM3\ARM_GCC_541\Debug\Design01.a(CyFlash.o)
                                0x3d2 (size before relaxing)
 .debug_str     0x00002be9       0xac .\CortexM3\ARM_GCC_541\Debug\Design01.a(CySpc.o)
                                0x34a (size before relaxing)
 .debug_str     0x00002c95      0x2b0 .\fft\libfft_application.a(fft_application.o)
                                0x3d0 (size before relaxing)
 .debug_str     0x00002f45       0xe6 .\fft\libfft_application.a(arm_rfft_q31.o)
                                0x390 (size before relaxing)
 .debug_str     0x0000302b      0x132 .\fft\libfft_application.a(arm_rfft_init_q31.o)
                                0x479 (size before relaxing)
 .debug_str     0x0000315d       0xd5 .\fft\libfft_application.a(arm_cfft_q31.o)
                                0x334 (size before relaxing)
 .debug_str     0x00003232      0x104 .\fft\libfft_application.a(arm_cfft_radix4_q31.o)
                                0x37c (size before relaxing)
 .debug_str     0x00003336      0x987 .\fft\libfft_application.a(arm_const_structs.o)
                                0xd0d (size before relaxing)
 .debug_str     0x00003cbd       0x92 .\fft\libfft_application.a(arm_common_tables.o)
                                0x6f2 (size before relaxing)

.debug_loc      0x00000000     0x5df6
 *(.debug_loc)
 .debug_loc     0x00000000       0xfd .\CortexM3\ARM_GCC_541\Debug\main.o
 .debug_loc     0x000000fd      0x1ec .\CortexM3\ARM_GCC_541\Debug\cfar.o
 .debug_loc     0x000002e9      0x29c .\CortexM3\ARM_GCC_541\Debug\cyfitter_cfg.o
 .debug_loc     0x00000585      0x144 .\CortexM3\ARM_GCC_541\Debug\Cm3Start.o
 .debug_loc     0x000006c9      0x258 .\CortexM3\ARM_GCC_541\Debug\Design01.a(UART_1.o)
 .debug_loc     0x00000921      0x681 .\CortexM3\ARM_GCC_541\Debug\Design01.a(ADC.o)
 .debug_loc     0x00000fa2      0x11b .\CortexM3\ARM_GCC_541\Debug\Design01.a(WaveDAC8_1.o)
 .debug_loc     0x000010bd      0x128 .\CortexM3\ARM_GCC_541\Debug\Design01.a(UART_1_IntClock.o)
 .debug_loc     0x000011e5       0x6c .\CortexM3\ARM_GCC_541\Debug\Design01.a(ADC_AMux.o)
 .debug_loc     0x00001251      0x12c .\CortexM3\ARM_GCC_541\Debug\Design01.a(ADC_Ext_CP_Clk.o)
 .debug_loc     0x0000137d      0x14d .\CortexM3\ARM_GCC_541\Debug\Design01.a(ADC_theACLK.o)
 .debug_loc     0x000014ca      0x128 .\CortexM3\ARM_GCC_541\Debug\Design01.a(WaveDAC8_1_DacClk.o)
 .debug_loc     0x000015f2       0x84 .\CortexM3\ARM_GCC_541\Debug\Design01.a(WaveDAC8_1_Wave1_DMA_dma.o)
 .debug_loc     0x00001676       0x84 .\CortexM3\ARM_GCC_541\Debug\Design01.a(WaveDAC8_1_Wave2_DMA_dma.o)
 .debug_loc     0x000016fa       0x79 .\CortexM3\ARM_GCC_541\Debug\Design01.a(WaveDAC8_1_VDAC8.o)
 .debug_loc     0x00001773      0xb8e .\CortexM3\ARM_GCC_541\Debug\Design01.a(CyDmac.o)
 .debug_loc     0x00002301      0xa11 .\CortexM3\ARM_GCC_541\Debug\Design01.a(CyLib.o)
 .debug_loc     0x00002d12      0x1e4 .\CortexM3\ARM_GCC_541\Debug\Design01.a(cyPm.o)
 .debug_loc     0x00002ef6       0x56 .\CortexM3\ARM_GCC_541\Debug\Design01.a(isr_button.o)
 .debug_loc     0x00002f4c       0x84 .\CortexM3\ARM_GCC_541\Debug\Design01.a(Pin_SW.o)
 .debug_loc     0x00002fd0       0x56 .\CortexM3\ARM_GCC_541\Debug\Design01.a(uart_interrupt.o)
 .debug_loc     0x00003026       0x42 .\CortexM3\ARM_GCC_541\Debug\Design01.a(LED_RED.o)
 .debug_loc     0x00003068       0x42 .\CortexM3\ARM_GCC_541\Debug\Design01.a(LED_Green.o)
 .debug_loc     0x000030aa       0x42 .\CortexM3\ARM_GCC_541\Debug\Design01.a(LED_YELLOW.o)
 .debug_loc     0x000030ec      0x3b2 .\CortexM3\ARM_GCC_541\Debug\Design01.a(CyFlash.o)
 .debug_loc     0x0000349e      0x705 .\CortexM3\ARM_GCC_541\Debug\Design01.a(CySpc.o)
 .debug_loc     0x00003ba3       0xa6 .\fft\libfft_application.a(fft_application.o)
 .debug_loc     0x00003c49      0x71b .\fft\libfft_application.a(arm_rfft_q31.o)
 .debug_loc     0x00004364      0x244 .\fft\libfft_application.a(arm_rfft_init_q31.o)
 .debug_loc     0x000045a8      0x4d4 .\fft\libfft_application.a(arm_cfft_q31.o)
 .debug_loc     0x00004a7c     0x137a .\fft\libfft_application.a(arm_cfft_radix4_q31.o)

.debug_macinfo
 *(.debug_macinfo)

.debug_ranges   0x00000000      0xbf0
 *(.debug_ranges)
 .debug_ranges  0x00000000       0x20 .\CortexM3\ARM_GCC_541\Debug\main.o
 .debug_ranges  0x00000020       0x20 .\CortexM3\ARM_GCC_541\Debug\cfar.o
 .debug_ranges  0x00000040       0x58 .\CortexM3\ARM_GCC_541\Debug\cyfitter_cfg.o
 .debug_ranges  0x00000098       0x38 .\CortexM3\ARM_GCC_541\Debug\Cm3Start.o
 .debug_ranges  0x000000d0       0xe0 .\CortexM3\ARM_GCC_541\Debug\Design01.a(UART_1.o)
 .debug_ranges  0x000001b0       0xd8 .\CortexM3\ARM_GCC_541\Debug\Design01.a(ADC.o)
 .debug_ranges  0x00000288       0x28 .\CortexM3\ARM_GCC_541\Debug\Design01.a(ADC_INT.o)
 .debug_ranges  0x000002b0       0x40 .\CortexM3\ARM_GCC_541\Debug\Design01.a(WaveDAC8_1.o)
 .debug_ranges  0x000002f0       0x60 .\CortexM3\ARM_GCC_541\Debug\Design01.a(UART_1_IntClock.o)
 .debug_ranges  0x00000350       0x20 .\CortexM3\ARM_GCC_541\Debug\Design01.a(ADC_AMux.o)
 .debug_ranges  0x00000370       0x60 .\CortexM3\ARM_GCC_541\Debug\Design01.a(ADC_Ext_CP_Clk.o)
 .debug_ranges  0x000003d0       0x70 .\CortexM3\ARM_GCC_541\Debug\Design01.a(ADC_theACLK.o)
 .debug_ranges  0x00000440       0x60 .\CortexM3\ARM_GCC_541\Debug\Design01.a(WaveDAC8_1_DacClk.o)
 .debug_ranges  0x000004a0       0x18 .\CortexM3\ARM_GCC_541\Debug\Design01.a(WaveDAC8_1_Wave1_DMA_dma.o)
 .debug_ranges  0x000004b8       0x18 .\CortexM3\ARM_GCC_541\Debug\Design01.a(WaveDAC8_1_Wave2_DMA_dma.o)
 .debug_ranges  0x000004d0       0x48 .\CortexM3\ARM_GCC_541\Debug\Design01.a(WaveDAC8_1_VDAC8.o)
 .debug_ranges  0x00000518       0xc8 .\CortexM3\ARM_GCC_541\Debug\Design01.a(CyDmac.o)
 .debug_ranges  0x000005e0      0x290 .\CortexM3\ARM_GCC_541\Debug\Design01.a(CyLib.o)
 .debug_ranges  0x00000870       0x88 .\CortexM3\ARM_GCC_541\Debug\Design01.a(cyPm.o)
 .debug_ranges  0x000008f8       0x70 .\CortexM3\ARM_GCC_541\Debug\Design01.a(isr_button.o)
 .debug_ranges  0x00000968       0x38 .\CortexM3\ARM_GCC_541\Debug\Design01.a(Pin_SW.o)
 .debug_ranges  0x000009a0       0x70 .\CortexM3\ARM_GCC_541\Debug\Design01.a(uart_interrupt.o)
 .debug_ranges  0x00000a10       0x28 .\CortexM3\ARM_GCC_541\Debug\Design01.a(LED_RED.o)
 .debug_ranges  0x00000a38       0x28 .\CortexM3\ARM_GCC_541\Debug\Design01.a(LED_Green.o)
 .debug_ranges  0x00000a60       0x28 .\CortexM3\ARM_GCC_541\Debug\Design01.a(LED_YELLOW.o)
 .debug_ranges  0x00000a88       0x78 .\CortexM3\ARM_GCC_541\Debug\Design01.a(CyFlash.o)
 .debug_ranges  0x00000b00       0x70 .\CortexM3\ARM_GCC_541\Debug\Design01.a(CySpc.o)
 .debug_ranges  0x00000b70       0x10 .\fft\libfft_application.a(fft_application.o)
 .debug_ranges  0x00000b80       0x20 .\fft\libfft_application.a(arm_rfft_q31.o)
 .debug_ranges  0x00000ba0       0x10 .\fft\libfft_application.a(arm_rfft_init_q31.o)
 .debug_ranges  0x00000bb0       0x20 .\fft\libfft_application.a(arm_cfft_q31.o)
 .debug_ranges  0x00000bd0       0x20 .\fft\libfft_application.a(arm_cfft_radix4_q31.o)

.comment        0x00000000       0x6e
 .comment       0x00000000       0x6e .\CortexM3\ARM_GCC_541\Debug\main.o
                                 0x6f (size before relaxing)
 .comment       0x0000006e       0x6f .\CortexM3\ARM_GCC_541\Debug\cfar.o
 .comment       0x0000006e       0x6f .\CortexM3\ARM_GCC_541\Debug\cyfitter_cfg.o
 .comment       0x0000006e       0x6f .\CortexM3\ARM_GCC_541\Debug\cymetadata.o
 .comment       0x0000006e       0x6f .\CortexM3\ARM_GCC_541\Debug\Cm3Start.o
 .comment       0x0000006e       0x6f .\CortexM3\ARM_GCC_541\Debug\Design01.a(UART_1.o)
 .comment       0x0000006e       0x6f .\CortexM3\ARM_GCC_541\Debug\Design01.a(ADC.o)
 .comment       0x0000006e       0x6f .\CortexM3\ARM_GCC_541\Debug\Design01.a(ADC_INT.o)
 .comment       0x0000006e       0x6f .\CortexM3\ARM_GCC_541\Debug\Design01.a(WaveDAC8_1.o)
 .comment       0x0000006e       0x6f .\CortexM3\ARM_GCC_541\Debug\Design01.a(UART_1_IntClock.o)
 .comment       0x0000006e       0x6f .\CortexM3\ARM_GCC_541\Debug\Design01.a(ADC_AMux.o)
 .comment       0x0000006e       0x6f .\CortexM3\ARM_GCC_541\Debug\Design01.a(ADC_Ext_CP_Clk.o)
 .comment       0x0000006e       0x6f .\CortexM3\ARM_GCC_541\Debug\Design01.a(ADC_theACLK.o)
 .comment       0x0000006e       0x6f .\CortexM3\ARM_GCC_541\Debug\Design01.a(WaveDAC8_1_DacClk.o)
 .comment       0x0000006e       0x6f .\CortexM3\ARM_GCC_541\Debug\Design01.a(WaveDAC8_1_Wave1_DMA_dma.o)
 .comment       0x0000006e       0x6f .\CortexM3\ARM_GCC_541\Debug\Design01.a(WaveDAC8_1_Wave2_DMA_dma.o)
 .comment       0x0000006e       0x6f .\CortexM3\ARM_GCC_541\Debug\Design01.a(WaveDAC8_1_VDAC8.o)
 .comment       0x0000006e       0x6f .\CortexM3\ARM_GCC_541\Debug\Design01.a(CyDmac.o)
 .comment       0x0000006e       0x6f .\CortexM3\ARM_GCC_541\Debug\Design01.a(CyLib.o)
 .comment       0x0000006e       0x6f .\CortexM3\ARM_GCC_541\Debug\Design01.a(cyPm.o)
 .comment       0x0000006e       0x6f .\CortexM3\ARM_GCC_541\Debug\Design01.a(isr_button.o)
 .comment       0x0000006e       0x6f .\CortexM3\ARM_GCC_541\Debug\Design01.a(Pin_SW.o)
 .comment       0x0000006e       0x6f .\CortexM3\ARM_GCC_541\Debug\Design01.a(uart_interrupt.o)
 .comment       0x0000006e       0x6f .\CortexM3\ARM_GCC_541\Debug\Design01.a(LED_RED.o)
 .comment       0x0000006e       0x6f .\CortexM3\ARM_GCC_541\Debug\Design01.a(LED_Green.o)
 .comment       0x0000006e       0x6f .\CortexM3\ARM_GCC_541\Debug\Design01.a(LED_YELLOW.o)
 .comment       0x0000006e       0x6f .\CortexM3\ARM_GCC_541\Debug\Design01.a(CyFlash.o)
 .comment       0x0000006e       0x6f .\CortexM3\ARM_GCC_541\Debug\Design01.a(CySpc.o)
 .comment       0x0000006e       0x6f .\fft\libfft_application.a(fft_application.o)
 .comment       0x0000006e       0x6f .\fft\libfft_application.a(arm_rfft_q31.o)
 .comment       0x0000006e       0x6f .\fft\libfft_application.a(arm_rfft_init_q31.o)
 .comment       0x0000006e       0x6f .\fft\libfft_application.a(arm_cfft_q31.o)
 .comment       0x0000006e       0x6f .\fft\libfft_application.a(arm_cfft_radix4_q31.o)
 .comment       0x0000006e       0x6f .\fft\libfft_application.a(arm_const_structs.o)
 .comment       0x0000006e       0x6f .\fft\libfft_application.a(arm_common_tables.o)

.debug_weaknames
 *(.debug_weaknames)

.debug_funcnames
 *(.debug_funcnames)

.debug_typenames
 *(.debug_typenames)

.debug_varnames
 *(.debug_varnames)

.note.gnu.arm.ident
 *(.note.gnu.arm.ident)

.ARM.attributes
                0x00000000       0x29
 *(.ARM.attributes)
 .ARM.attributes
                0x00000000       0x1d c:/program files (x86)/cypress/psoc creator/4.4/psoc creator/import/gnu/arm/5.4.1/bin/../lib/gcc/arm-none-eabi/5.4.1/armv7-m/crti.o
 .ARM.attributes
                0x0000001d       0x2d c:/program files (x86)/cypress/psoc creator/4.4/psoc creator/import/gnu/arm/5.4.1/bin/../lib/gcc/arm-none-eabi/5.4.1/armv7-m/crtbegin.o
 .ARM.attributes
                0x0000004a       0x1b c:/program files (x86)/cypress/psoc creator/4.4/psoc creator/import/gnu/arm/5.4.1/bin/../lib/gcc/arm-none-eabi/5.4.1/../../../../arm-none-eabi/lib/armv7-m/crt0.o
 .ARM.attributes
                0x00000065       0x33 .\CortexM3\ARM_GCC_541\Debug\main.o
 .ARM.attributes
                0x00000098       0x33 .\CortexM3\ARM_GCC_541\Debug\cfar.o
 .ARM.attributes
                0x000000cb       0x33 .\CortexM3\ARM_GCC_541\Debug\cyfitter_cfg.o
 .ARM.attributes
                0x000000fe       0x33 .\CortexM3\ARM_GCC_541\Debug\cymetadata.o
 .ARM.attributes
                0x00000131       0x33 .\CortexM3\ARM_GCC_541\Debug\Cm3Start.o
 .ARM.attributes
                0x00000164       0x33 .\CortexM3\ARM_GCC_541\Debug\Design01.a(UART_1.o)
 .ARM.attributes
                0x00000197       0x33 .\CortexM3\ARM_GCC_541\Debug\Design01.a(ADC.o)
 .ARM.attributes
                0x000001ca       0x33 .\CortexM3\ARM_GCC_541\Debug\Design01.a(ADC_INT.o)
 .ARM.attributes
                0x000001fd       0x33 .\CortexM3\ARM_GCC_541\Debug\Design01.a(WaveDAC8_1.o)
 .ARM.attributes
                0x00000230       0x33 .\CortexM3\ARM_GCC_541\Debug\Design01.a(UART_1_IntClock.o)
 .ARM.attributes
                0x00000263       0x33 .\CortexM3\ARM_GCC_541\Debug\Design01.a(ADC_AMux.o)
 .ARM.attributes
                0x00000296       0x33 .\CortexM3\ARM_GCC_541\Debug\Design01.a(ADC_Ext_CP_Clk.o)
 .ARM.attributes
                0x000002c9       0x33 .\CortexM3\ARM_GCC_541\Debug\Design01.a(ADC_theACLK.o)
 .ARM.attributes
                0x000002fc       0x33 .\CortexM3\ARM_GCC_541\Debug\Design01.a(WaveDAC8_1_DacClk.o)
 .ARM.attributes
                0x0000032f       0x33 .\CortexM3\ARM_GCC_541\Debug\Design01.a(WaveDAC8_1_Wave1_DMA_dma.o)
 .ARM.attributes
                0x00000362       0x33 .\CortexM3\ARM_GCC_541\Debug\Design01.a(WaveDAC8_1_Wave2_DMA_dma.o)
 .ARM.attributes
                0x00000395       0x33 .\CortexM3\ARM_GCC_541\Debug\Design01.a(WaveDAC8_1_VDAC8.o)
 .ARM.attributes
                0x000003c8       0x33 .\CortexM3\ARM_GCC_541\Debug\Design01.a(CyDmac.o)
 .ARM.attributes
                0x000003fb       0x33 .\CortexM3\ARM_GCC_541\Debug\Design01.a(CyLib.o)
 .ARM.attributes
                0x0000042e       0x33 .\CortexM3\ARM_GCC_541\Debug\Design01.a(cyPm.o)
 .ARM.attributes
                0x00000461       0x33 .\CortexM3\ARM_GCC_541\Debug\Design01.a(isr_button.o)
 .ARM.attributes
                0x00000494       0x33 .\CortexM3\ARM_GCC_541\Debug\Design01.a(Pin_SW.o)
 .ARM.attributes
                0x000004c7       0x33 .\CortexM3\ARM_GCC_541\Debug\Design01.a(uart_interrupt.o)
 .ARM.attributes
                0x000004fa       0x33 .\CortexM3\ARM_GCC_541\Debug\Design01.a(LED_RED.o)
 .ARM.attributes
                0x0000052d       0x33 .\CortexM3\ARM_GCC_541\Debug\Design01.a(LED_Green.o)
 .ARM.attributes
                0x00000560       0x33 .\CortexM3\ARM_GCC_541\Debug\Design01.a(LED_YELLOW.o)